Archive member included to satisfy reference by file (symbol)

.\CortexM0\ARM_GCC_541\Release\Task1.a(Button.o)
                              .\CortexM0\ARM_GCC_541\Release\main.o (Button_Read)
.\CortexM0\ARM_GCC_541\Release\Task1.a(LED_Red.o)
                              .\CortexM0\ARM_GCC_541\Release\main.o (LED_Red_Write)
.\CortexM0\ARM_GCC_541\Release\Task1.a(LED_Green.o)
                              .\CortexM0\ARM_GCC_541\Release\main.o (LED_Green_Write)
.\CortexM0\ARM_GCC_541\Release\Task1.a(LED_Blue.o)
                              .\CortexM0\ARM_GCC_541\Release\main.o (LED_Blue_Write)
.\CortexM0\ARM_GCC_541\Release\Task1.a(SW_Tx_UART.o)
                              .\CortexM0\ARM_GCC_541\Release\main.o (SW_Tx_UART_Start)
.\CortexM0\ARM_GCC_541\Release\Task1.a(CyLib.o)
                              .\CortexM0\ARM_GCC_541\Release\cyfitter_cfg.o (CyIntSetVector)
.\CortexM0\ARM_GCC_541\Release\Task1.a(CyLFClk.o)
                              .\CortexM0\ARM_GCC_541\Release\cyfitter_cfg.o (CySysWdtIsr)
.\CortexM0\ARM_GCC_541\Release\Task1.a(SW_Tx_UART_AsmGnu.o)
                              .\CortexM0\ARM_GCC_541\Release\Task1.a(SW_Tx_UART.o) (SW_Tx_UART_PutChar)
.\CortexM0\ARM_GCC_541\Release\Task1.a(CyBootAsmGnu.o)
                              .\CortexM0\ARM_GCC_541\Release\Task1.a(CyLib.o) (CyDelayCycles)
c:/program files (x86)/cypress/psoc creator/4.4/psoc creator/import/gnu/arm/5.4.1/bin/../lib/gcc/arm-none-eabi/5.4.1/armv6-m\libgcc.a(_udivsi3.o)
                              .\CortexM0\ARM_GCC_541\Release\Task1.a(CyLib.o) (__aeabi_uidiv)
c:/program files (x86)/cypress/psoc creator/4.4/psoc creator/import/gnu/arm/5.4.1/bin/../lib/gcc/arm-none-eabi/5.4.1/armv6-m\libgcc.a(_dvmd_tls.o)
                              c:/program files (x86)/cypress/psoc creator/4.4/psoc creator/import/gnu/arm/5.4.1/bin/../lib/gcc/arm-none-eabi/5.4.1/armv6-m\libgcc.a(_udivsi3.o) (__aeabi_idiv0)
c:/program files (x86)/cypress/psoc creator/4.4/psoc creator/import/gnu/arm/5.4.1/bin/../lib/gcc/arm-none-eabi/5.4.1/../../../../arm-none-eabi/lib/armv6-m\libg_nano.a(lib_a-errno.o)
                              .\CortexM0\ARM_GCC_541\Release\Cm0Start.o (__errno)
c:/program files (x86)/cypress/psoc creator/4.4/psoc creator/import/gnu/arm/5.4.1/bin/../lib/gcc/arm-none-eabi/5.4.1/../../../../arm-none-eabi/lib/armv6-m\libg_nano.a(lib_a-exit.o)
                              c:/program files (x86)/cypress/psoc creator/4.4/psoc creator/import/gnu/arm/5.4.1/bin/../lib/gcc/arm-none-eabi/5.4.1/../../../../arm-none-eabi/lib/armv6-m/crt0.o (exit)
c:/program files (x86)/cypress/psoc creator/4.4/psoc creator/import/gnu/arm/5.4.1/bin/../lib/gcc/arm-none-eabi/5.4.1/../../../../arm-none-eabi/lib/armv6-m\libg_nano.a(lib_a-impure.o)
                              c:/program files (x86)/cypress/psoc creator/4.4/psoc creator/import/gnu/arm/5.4.1/bin/../lib/gcc/arm-none-eabi/5.4.1/../../../../arm-none-eabi/lib/armv6-m\libg_nano.a(lib_a-exit.o) (_global_impure_ptr)
c:/program files (x86)/cypress/psoc creator/4.4/psoc creator/import/gnu/arm/5.4.1/bin/../lib/gcc/arm-none-eabi/5.4.1/../../../../arm-none-eabi/lib/armv6-m\libg_nano.a(lib_a-init.o)
                              c:/program files (x86)/cypress/psoc creator/4.4/psoc creator/import/gnu/arm/5.4.1/bin/../lib/gcc/arm-none-eabi/5.4.1/../../../../arm-none-eabi/lib/armv6-m/crt0.o (__libc_init_array)
c:/program files (x86)/cypress/psoc creator/4.4/psoc creator/import/gnu/arm/5.4.1/bin/../lib/gcc/arm-none-eabi/5.4.1/../../../../arm-none-eabi/lib/armv6-m\libg_nano.a(lib_a-memset.o)
                              c:/program files (x86)/cypress/psoc creator/4.4/psoc creator/import/gnu/arm/5.4.1/bin/../lib/gcc/arm-none-eabi/5.4.1/../../../../arm-none-eabi/lib/armv6-m/crt0.o (memset)

Discarded input sections

 .text          0x00000000        0x0 c:/program files (x86)/cypress/psoc creator/4.4/psoc creator/import/gnu/arm/5.4.1/bin/../lib/gcc/arm-none-eabi/5.4.1/armv6-m/crti.o
 .data          0x00000000        0x0 c:/program files (x86)/cypress/psoc creator/4.4/psoc creator/import/gnu/arm/5.4.1/bin/../lib/gcc/arm-none-eabi/5.4.1/armv6-m/crti.o
 .bss           0x00000000        0x0 c:/program files (x86)/cypress/psoc creator/4.4/psoc creator/import/gnu/arm/5.4.1/bin/../lib/gcc/arm-none-eabi/5.4.1/armv6-m/crti.o
 .data          0x00000000        0x4 c:/program files (x86)/cypress/psoc creator/4.4/psoc creator/import/gnu/arm/5.4.1/bin/../lib/gcc/arm-none-eabi/5.4.1/armv6-m/crtbegin.o
 .text          0x00000000       0x78 c:/program files (x86)/cypress/psoc creator/4.4/psoc creator/import/gnu/arm/5.4.1/bin/../lib/gcc/arm-none-eabi/5.4.1/../../../../arm-none-eabi/lib/armv6-m/crt0.o
 .data          0x00000000        0x0 c:/program files (x86)/cypress/psoc creator/4.4/psoc creator/import/gnu/arm/5.4.1/bin/../lib/gcc/arm-none-eabi/5.4.1/../../../../arm-none-eabi/lib/armv6-m/crt0.o
 .bss           0x00000000        0x0 c:/program files (x86)/cypress/psoc creator/4.4/psoc creator/import/gnu/arm/5.4.1/bin/../lib/gcc/arm-none-eabi/5.4.1/../../../../arm-none-eabi/lib/armv6-m/crt0.o
 .ARM.extab     0x00000000        0x0 c:/program files (x86)/cypress/psoc creator/4.4/psoc creator/import/gnu/arm/5.4.1/bin/../lib/gcc/arm-none-eabi/5.4.1/../../../../arm-none-eabi/lib/armv6-m/crt0.o
 .ARM.exidx     0x00000000        0x8 c:/program files (x86)/cypress/psoc creator/4.4/psoc creator/import/gnu/arm/5.4.1/bin/../lib/gcc/arm-none-eabi/5.4.1/../../../../arm-none-eabi/lib/armv6-m/crt0.o
 .text          0x00000000        0x0 .\CortexM0\ARM_GCC_541\Release\main.o
 .data          0x00000000        0x0 .\CortexM0\ARM_GCC_541\Release\main.o
 .bss           0x00000000        0x0 .\CortexM0\ARM_GCC_541\Release\main.o
 .text          0x00000000        0x0 .\CortexM0\ARM_GCC_541\Release\cyfitter_cfg.o
 .data          0x00000000        0x0 .\CortexM0\ARM_GCC_541\Release\cyfitter_cfg.o
 .bss           0x00000000        0x0 .\CortexM0\ARM_GCC_541\Release\cyfitter_cfg.o
 .text          0x00000000        0x0 .\CortexM0\ARM_GCC_541\Release\cymetadata.o
 .data          0x00000000        0x0 .\CortexM0\ARM_GCC_541\Release\cymetadata.o
 .bss           0x00000000        0x0 .\CortexM0\ARM_GCC_541\Release\cymetadata.o
 .text          0x00000000        0x0 .\CortexM0\ARM_GCC_541\Release\Cm0Start.o
 .data          0x00000000        0x4 .\CortexM0\ARM_GCC_541\Release\Cm0Start.o
 .bss           0x00000000        0x0 .\CortexM0\ARM_GCC_541\Release\Cm0Start.o
 .text._exit    0x00000000        0xa .\CortexM0\ARM_GCC_541\Release\Cm0Start.o
 .text._sbrk    0x00000000       0x2c .\CortexM0\ARM_GCC_541\Release\Cm0Start.o
 .text          0x00000000        0x0 .\CortexM0\ARM_GCC_541\Release\Task1.a(Button.o)
 .data          0x00000000        0x0 .\CortexM0\ARM_GCC_541\Release\Task1.a(Button.o)
 .bss           0x00000000        0x0 .\CortexM0\ARM_GCC_541\Release\Task1.a(Button.o)
 .text.Button_SetDriveMode
                0x00000000       0x18 .\CortexM0\ARM_GCC_541\Release\Task1.a(Button.o)
 .text.Button_Write
                0x00000000       0x18 .\CortexM0\ARM_GCC_541\Release\Task1.a(Button.o)
 .text.Button_ReadDataReg
                0x00000000       0x10 .\CortexM0\ARM_GCC_541\Release\Task1.a(Button.o)
 .text.Button_SetInterruptMode
                0x00000000       0x14 .\CortexM0\ARM_GCC_541\Release\Task1.a(Button.o)
 .text.Button_ClearInterrupt
                0x00000000       0x14 .\CortexM0\ARM_GCC_541\Release\Task1.a(Button.o)
 .text          0x00000000        0x0 .\CortexM0\ARM_GCC_541\Release\Task1.a(LED_Red.o)
 .data          0x00000000        0x0 .\CortexM0\ARM_GCC_541\Release\Task1.a(LED_Red.o)
 .bss           0x00000000        0x0 .\CortexM0\ARM_GCC_541\Release\Task1.a(LED_Red.o)
 .text.LED_Red_SetDriveMode
                0x00000000       0x18 .\CortexM0\ARM_GCC_541\Release\Task1.a(LED_Red.o)
 .text.LED_Red_Read
                0x00000000       0x10 .\CortexM0\ARM_GCC_541\Release\Task1.a(LED_Red.o)
 .text.LED_Red_ReadDataReg
                0x00000000       0x10 .\CortexM0\ARM_GCC_541\Release\Task1.a(LED_Red.o)
 .text.LED_Red_SetInterruptMode
                0x00000000       0x14 .\CortexM0\ARM_GCC_541\Release\Task1.a(LED_Red.o)
 .text.LED_Red_ClearInterrupt
                0x00000000       0x14 .\CortexM0\ARM_GCC_541\Release\Task1.a(LED_Red.o)
 .text          0x00000000        0x0 .\CortexM0\ARM_GCC_541\Release\Task1.a(LED_Green.o)
 .data          0x00000000        0x0 .\CortexM0\ARM_GCC_541\Release\Task1.a(LED_Green.o)
 .bss           0x00000000        0x0 .\CortexM0\ARM_GCC_541\Release\Task1.a(LED_Green.o)
 .text.LED_Green_SetDriveMode
                0x00000000       0x18 .\CortexM0\ARM_GCC_541\Release\Task1.a(LED_Green.o)
 .text.LED_Green_Read
                0x00000000       0x10 .\CortexM0\ARM_GCC_541\Release\Task1.a(LED_Green.o)
 .text.LED_Green_ReadDataReg
                0x00000000       0x10 .\CortexM0\ARM_GCC_541\Release\Task1.a(LED_Green.o)
 .text.LED_Green_SetInterruptMode
                0x00000000       0x14 .\CortexM0\ARM_GCC_541\Release\Task1.a(LED_Green.o)
 .text.LED_Green_ClearInterrupt
                0x00000000       0x14 .\CortexM0\ARM_GCC_541\Release\Task1.a(LED_Green.o)
 .text          0x00000000        0x0 .\CortexM0\ARM_GCC_541\Release\Task1.a(LED_Blue.o)
 .data          0x00000000        0x0 .\CortexM0\ARM_GCC_541\Release\Task1.a(LED_Blue.o)
 .bss           0x00000000        0x0 .\CortexM0\ARM_GCC_541\Release\Task1.a(LED_Blue.o)
 .text.LED_Blue_SetDriveMode
                0x00000000       0x18 .\CortexM0\ARM_GCC_541\Release\Task1.a(LED_Blue.o)
 .text.LED_Blue_Read
                0x00000000       0x10 .\CortexM0\ARM_GCC_541\Release\Task1.a(LED_Blue.o)
 .text.LED_Blue_ReadDataReg
                0x00000000       0x10 .\CortexM0\ARM_GCC_541\Release\Task1.a(LED_Blue.o)
 .text.LED_Blue_SetInterruptMode
                0x00000000       0x14 .\CortexM0\ARM_GCC_541\Release\Task1.a(LED_Blue.o)
 .text.LED_Blue_ClearInterrupt
                0x00000000       0x14 .\CortexM0\ARM_GCC_541\Release\Task1.a(LED_Blue.o)
 .text          0x00000000        0x0 .\CortexM0\ARM_GCC_541\Release\Task1.a(SW_Tx_UART.o)
 .bss           0x00000000        0x0 .\CortexM0\ARM_GCC_541\Release\Task1.a(SW_Tx_UART.o)
 .text.SW_Tx_UART_Stop
                0x00000000        0x2 .\CortexM0\ARM_GCC_541\Release\Task1.a(SW_Tx_UART.o)
 .text.SW_Tx_UART_PutArray
                0x00000000       0x16 .\CortexM0\ARM_GCC_541\Release\Task1.a(SW_Tx_UART.o)
 .text.SW_Tx_UART_PutHexByte
                0x00000000       0x20 .\CortexM0\ARM_GCC_541\Release\Task1.a(SW_Tx_UART.o)
 .text.SW_Tx_UART_PutHexInt
                0x00000000       0x12 .\CortexM0\ARM_GCC_541\Release\Task1.a(SW_Tx_UART.o)
 .rodata        0x00000000       0x11 .\CortexM0\ARM_GCC_541\Release\Task1.a(SW_Tx_UART.o)
 .text          0x00000000        0x0 .\CortexM0\ARM_GCC_541\Release\Task1.a(CyLib.o)
 .bss           0x00000000       0x18 .\CortexM0\ARM_GCC_541\Release\Task1.a(CyLib.o)
 .text.CySysClkImoStart
                0x00000000       0x14 .\CortexM0\ARM_GCC_541\Release\Task1.a(CyLib.o)
 .text.CySysClkImoStop
                0x00000000       0x10 .\CortexM0\ARM_GCC_541\Release\Task1.a(CyLib.o)
 .text.CySysClkWriteHfclkDirect
                0x00000000       0x20 .\CortexM0\ARM_GCC_541\Release\Task1.a(CyLib.o)
 .text.CySysEnablePumpClock
                0x00000000       0x34 .\CortexM0\ARM_GCC_541\Release\Task1.a(CyLib.o)
 .text.CySysClkGetSysclkSource
                0x00000000       0x18 .\CortexM0\ARM_GCC_541\Release\Task1.a(CyLib.o)
 .text.CySysClkWriteSysclkDiv
                0x00000000       0x2c .\CortexM0\ARM_GCC_541\Release\Task1.a(CyLib.o)
 .text.CySysLvdDisable
                0x00000000       0x20 .\CortexM0\ARM_GCC_541\Release\Task1.a(CyLib.o)
 .text.CySysLvdGetInterruptSource
                0x00000000       0x10 .\CortexM0\ARM_GCC_541\Release\Task1.a(CyLib.o)
 .text.CySysLvdClearInterrupt
                0x00000000        0xc .\CortexM0\ARM_GCC_541\Release\Task1.a(CyLib.o)
 .text.CySysGetResetReason
                0x00000000       0x14 .\CortexM0\ARM_GCC_541\Release\Task1.a(CyLib.o)
 .text.CyDisableInts
                0x00000000       0x10 .\CortexM0\ARM_GCC_541\Release\Task1.a(CyLib.o)
 .text.CyEnableInts
                0x00000000        0xc .\CortexM0\ARM_GCC_541\Release\Task1.a(CyLib.o)
 .text.CyIntSetSysVector
                0x00000000        0xe .\CortexM0\ARM_GCC_541\Release\Task1.a(CyLib.o)
 .text.CyIntGetSysVector
                0x00000000        0xc .\CortexM0\ARM_GCC_541\Release\Task1.a(CyLib.o)
 .text.CyIntGetVector
                0x00000000       0x10 .\CortexM0\ARM_GCC_541\Release\Task1.a(CyLib.o)
 .text.CyIntSetPriority
                0x00000000       0x34 .\CortexM0\ARM_GCC_541\Release\Task1.a(CyLib.o)
 .text.CyIntGetPriority
                0x00000000       0x20 .\CortexM0\ARM_GCC_541\Release\Task1.a(CyLib.o)
 .text.CyIntGetState
                0x00000000       0x18 .\CortexM0\ARM_GCC_541\Release\Task1.a(CyLib.o)
 .text.CyIntDisable
                0x00000000       0x14 .\CortexM0\ARM_GCC_541\Release\Task1.a(CyLib.o)
 .text.CyIntSetPending
                0x00000000       0x14 .\CortexM0\ARM_GCC_541\Release\Task1.a(CyLib.o)
 .text.CyIntClearPending
                0x00000000       0x14 .\CortexM0\ARM_GCC_541\Release\Task1.a(CyLib.o)
 .text.CyHalt   0x00000000        0x4 .\CortexM0\ARM_GCC_541\Release\Task1.a(CyLib.o)
 .text.CySoftwareReset
                0x00000000       0x18 .\CortexM0\ARM_GCC_541\Release\Task1.a(CyLib.o)
 .text.CyDelay  0x00000000       0x2c .\CortexM0\ARM_GCC_541\Release\Task1.a(CyLib.o)
 .text.CySysLvdEnable
                0x00000000       0x44 .\CortexM0\ARM_GCC_541\Release\Task1.a(CyLib.o)
 .text.CyDelayFreq
                0x00000000       0x48 .\CortexM0\ARM_GCC_541\Release\Task1.a(CyLib.o)
 .text.CySysTickInit
                0x00000000       0x44 .\CortexM0\ARM_GCC_541\Release\Task1.a(CyLib.o)
 .text.CySysTickStop
                0x00000000       0x10 .\CortexM0\ARM_GCC_541\Release\Task1.a(CyLib.o)
 .text.CySysTickEnableInterrupt
                0x00000000       0x10 .\CortexM0\ARM_GCC_541\Release\Task1.a(CyLib.o)
 .text.CySysTickEnable
                0x00000000       0x18 .\CortexM0\ARM_GCC_541\Release\Task1.a(CyLib.o)
 .text.CySysTickStart
                0x00000000       0x1c .\CortexM0\ARM_GCC_541\Release\Task1.a(CyLib.o)
 .text.CySysTickDisableInterrupt
                0x00000000       0x10 .\CortexM0\ARM_GCC_541\Release\Task1.a(CyLib.o)
 .text.CySysTickSetReload
                0x00000000       0x10 .\CortexM0\ARM_GCC_541\Release\Task1.a(CyLib.o)
 .text.CySysTickGetReload
                0x00000000       0x10 .\CortexM0\ARM_GCC_541\Release\Task1.a(CyLib.o)
 .text.CySysTickGetValue
                0x00000000       0x10 .\CortexM0\ARM_GCC_541\Release\Task1.a(CyLib.o)
 .text.CySysTickGetCountFlag
                0x00000000       0x10 .\CortexM0\ARM_GCC_541\Release\Task1.a(CyLib.o)
 .text.CySysTickServiceCallbacks
                0x00000000       0x24 .\CortexM0\ARM_GCC_541\Release\Task1.a(CyLib.o)
 .text.CySysTickClear
                0x00000000        0xc .\CortexM0\ARM_GCC_541\Release\Task1.a(CyLib.o)
 .text.CySysTickSetCallback
                0x00000000       0x10 .\CortexM0\ARM_GCC_541\Release\Task1.a(CyLib.o)
 .text.CySysTickGetCallback
                0x00000000        0xc .\CortexM0\ARM_GCC_541\Release\Task1.a(CyLib.o)
 .text.CyGetUniqueId
                0x00000000       0x74 .\CortexM0\ARM_GCC_541\Release\Task1.a(CyLib.o)
 .text          0x00000000        0x0 .\CortexM0\ARM_GCC_541\Release\Task1.a(CyLFClk.o)
 .text.CySysClkIloStart
                0x00000000       0x14 .\CortexM0\ARM_GCC_541\Release\Task1.a(CyLFClk.o)
 .text.CySysClkIloStartMeasurement
                0x00000000       0x34 .\CortexM0\ARM_GCC_541\Release\Task1.a(CyLFClk.o)
 .text.CySysClkIloStopMeasurement
                0x00000000       0x14 .\CortexM0\ARM_GCC_541\Release\Task1.a(CyLFClk.o)
 .text.CySysClkIloCompensate
                0x00000000       0xe8 .\CortexM0\ARM_GCC_541\Release\Task1.a(CyLFClk.o)
 .text.CySysWdtGetEnabledStatus
                0x00000000       0x18 .\CortexM0\ARM_GCC_541\Release\Task1.a(CyLFClk.o)
 .text.CySysWdtSetMode
                0x00000000       0x2c .\CortexM0\ARM_GCC_541\Release\Task1.a(CyLFClk.o)
 .text.CySysWdtGetMode
                0x00000000       0x14 .\CortexM0\ARM_GCC_541\Release\Task1.a(CyLFClk.o)
 .text.CySysWdtSetClearOnMatch
                0x00000000       0x2c .\CortexM0\ARM_GCC_541\Release\Task1.a(CyLFClk.o)
 .text.CySysWdtGetClearOnMatch
                0x00000000       0x18 .\CortexM0\ARM_GCC_541\Release\Task1.a(CyLFClk.o)
 .text.CySysWdtEnable
                0x00000000       0x40 .\CortexM0\ARM_GCC_541\Release\Task1.a(CyLFClk.o)
 .text.CySysWdtDisable
                0x00000000       0x48 .\CortexM0\ARM_GCC_541\Release\Task1.a(CyLFClk.o)
 .text.CySysWdtSetCascade
                0x00000000       0x34 .\CortexM0\ARM_GCC_541\Release\Task1.a(CyLFClk.o)
 .text.CySysWdtGetCascade
                0x00000000       0x14 .\CortexM0\ARM_GCC_541\Release\Task1.a(CyLFClk.o)
 .text.CySysWdtSetMatch
                0x00000000       0x30 .\CortexM0\ARM_GCC_541\Release\Task1.a(CyLFClk.o)
 .text.CySysWdtSetToggleBit
                0x00000000       0x2c .\CortexM0\ARM_GCC_541\Release\Task1.a(CyLFClk.o)
 .text.CySysWdtGetToggleBit
                0x00000000       0x10 .\CortexM0\ARM_GCC_541\Release\Task1.a(CyLFClk.o)
 .text.CySysWdtGetMatch
                0x00000000       0x14 .\CortexM0\ARM_GCC_541\Release\Task1.a(CyLFClk.o)
 .text.CySysWdtGetCount
                0x00000000       0x30 .\CortexM0\ARM_GCC_541\Release\Task1.a(CyLFClk.o)
 .text.CySysClkIloStop
                0x00000000       0xb8 .\CortexM0\ARM_GCC_541\Release\Task1.a(CyLFClk.o)
 .text.CySysWdtGetInterruptSource
                0x00000000       0x14 .\CortexM0\ARM_GCC_541\Release\Task1.a(CyLFClk.o)
 .text.CySysWdtResetCounters
                0x00000000       0x1c .\CortexM0\ARM_GCC_541\Release\Task1.a(CyLFClk.o)
 .text.CySysWdtSetInterruptCallback
                0x00000000       0x18 .\CortexM0\ARM_GCC_541\Release\Task1.a(CyLFClk.o)
 .text.CySysWdtGetInterruptCallback
                0x00000000       0x18 .\CortexM0\ARM_GCC_541\Release\Task1.a(CyLFClk.o)
 .text.CySysWdtEnableCounterIsr
                0x00000000       0x28 .\CortexM0\ARM_GCC_541\Release\Task1.a(CyLFClk.o)
 .text.CySysWdtDisableCounterIsr
                0x00000000       0x1c .\CortexM0\ARM_GCC_541\Release\Task1.a(CyLFClk.o)
 .text.CySysWatchdogFeed
                0x00000000       0x4e .\CortexM0\ARM_GCC_541\Release\Task1.a(CyLFClk.o)
 .text.CySysTimerDelayUntilMatch
                0x00000000       0x64 .\CortexM0\ARM_GCC_541\Release\Task1.a(CyLFClk.o)
 .text.CySysTimerDelay
                0x00000000       0x34 .\CortexM0\ARM_GCC_541\Release\Task1.a(CyLFClk.o)
 .rodata        0x00000000        0xc .\CortexM0\ARM_GCC_541\Release\Task1.a(CyLFClk.o)
 .data          0x00000000        0x0 .\CortexM0\ARM_GCC_541\Release\Task1.a(SW_Tx_UART_AsmGnu.o)
 .bss           0x00000000        0x0 .\CortexM0\ARM_GCC_541\Release\Task1.a(SW_Tx_UART_AsmGnu.o)
 .data          0x00000000        0x0 .\CortexM0\ARM_GCC_541\Release\Task1.a(CyBootAsmGnu.o)
 .bss           0x00000000        0x0 .\CortexM0\ARM_GCC_541\Release\Task1.a(CyBootAsmGnu.o)
 .data          0x00000000        0x0 c:/program files (x86)/cypress/psoc creator/4.4/psoc creator/import/gnu/arm/5.4.1/bin/../lib/gcc/arm-none-eabi/5.4.1/armv6-m\libgcc.a(_udivsi3.o)
 .bss           0x00000000        0x0 c:/program files (x86)/cypress/psoc creator/4.4/psoc creator/import/gnu/arm/5.4.1/bin/../lib/gcc/arm-none-eabi/5.4.1/armv6-m\libgcc.a(_udivsi3.o)
 .data          0x00000000        0x0 c:/program files (x86)/cypress/psoc creator/4.4/psoc creator/import/gnu/arm/5.4.1/bin/../lib/gcc/arm-none-eabi/5.4.1/armv6-m\libgcc.a(_dvmd_tls.o)
 .bss           0x00000000        0x0 c:/program files (x86)/cypress/psoc creator/4.4/psoc creator/import/gnu/arm/5.4.1/bin/../lib/gcc/arm-none-eabi/5.4.1/armv6-m\libgcc.a(_dvmd_tls.o)
 .text          0x00000000        0x0 c:/program files (x86)/cypress/psoc creator/4.4/psoc creator/import/gnu/arm/5.4.1/bin/../lib/gcc/arm-none-eabi/5.4.1/../../../../arm-none-eabi/lib/armv6-m\libg_nano.a(lib_a-errno.o)
 .data          0x00000000        0x0 c:/program files (x86)/cypress/psoc creator/4.4/psoc creator/import/gnu/arm/5.4.1/bin/../lib/gcc/arm-none-eabi/5.4.1/../../../../arm-none-eabi/lib/armv6-m\libg_nano.a(lib_a-errno.o)
 .bss           0x00000000        0x0 c:/program files (x86)/cypress/psoc creator/4.4/psoc creator/import/gnu/arm/5.4.1/bin/../lib/gcc/arm-none-eabi/5.4.1/../../../../arm-none-eabi/lib/armv6-m\libg_nano.a(lib_a-errno.o)
 .text          0x00000000        0x0 c:/program files (x86)/cypress/psoc creator/4.4/psoc creator/import/gnu/arm/5.4.1/bin/../lib/gcc/arm-none-eabi/5.4.1/../../../../arm-none-eabi/lib/armv6-m\libg_nano.a(lib_a-exit.o)
 .data          0x00000000        0x0 c:/program files (x86)/cypress/psoc creator/4.4/psoc creator/import/gnu/arm/5.4.1/bin/../lib/gcc/arm-none-eabi/5.4.1/../../../../arm-none-eabi/lib/armv6-m\libg_nano.a(lib_a-exit.o)
 .bss           0x00000000        0x0 c:/program files (x86)/cypress/psoc creator/4.4/psoc creator/import/gnu/arm/5.4.1/bin/../lib/gcc/arm-none-eabi/5.4.1/../../../../arm-none-eabi/lib/armv6-m\libg_nano.a(lib_a-exit.o)
 .text.exit     0x00000000       0x2c c:/program files (x86)/cypress/psoc creator/4.4/psoc creator/import/gnu/arm/5.4.1/bin/../lib/gcc/arm-none-eabi/5.4.1/../../../../arm-none-eabi/lib/armv6-m\libg_nano.a(lib_a-exit.o)
 .text          0x00000000        0x0 c:/program files (x86)/cypress/psoc creator/4.4/psoc creator/import/gnu/arm/5.4.1/bin/../lib/gcc/arm-none-eabi/5.4.1/../../../../arm-none-eabi/lib/armv6-m\libg_nano.a(lib_a-impure.o)
 .data          0x00000000        0x0 c:/program files (x86)/cypress/psoc creator/4.4/psoc creator/import/gnu/arm/5.4.1/bin/../lib/gcc/arm-none-eabi/5.4.1/../../../../arm-none-eabi/lib/armv6-m\libg_nano.a(lib_a-impure.o)
 .bss           0x00000000        0x0 c:/program files (x86)/cypress/psoc creator/4.4/psoc creator/import/gnu/arm/5.4.1/bin/../lib/gcc/arm-none-eabi/5.4.1/../../../../arm-none-eabi/lib/armv6-m\libg_nano.a(lib_a-impure.o)
 .rodata._global_impure_ptr
                0x00000000        0x4 c:/program files (x86)/cypress/psoc creator/4.4/psoc creator/import/gnu/arm/5.4.1/bin/../lib/gcc/arm-none-eabi/5.4.1/../../../../arm-none-eabi/lib/armv6-m\libg_nano.a(lib_a-impure.o)
 .text          0x00000000        0x0 c:/program files (x86)/cypress/psoc creator/4.4/psoc creator/import/gnu/arm/5.4.1/bin/../lib/gcc/arm-none-eabi/5.4.1/../../../../arm-none-eabi/lib/armv6-m\libg_nano.a(lib_a-init.o)
 .data          0x00000000        0x0 c:/program files (x86)/cypress/psoc creator/4.4/psoc creator/import/gnu/arm/5.4.1/bin/../lib/gcc/arm-none-eabi/5.4.1/../../../../arm-none-eabi/lib/armv6-m\libg_nano.a(lib_a-init.o)
 .bss           0x00000000        0x0 c:/program files (x86)/cypress/psoc creator/4.4/psoc creator/import/gnu/arm/5.4.1/bin/../lib/gcc/arm-none-eabi/5.4.1/../../../../arm-none-eabi/lib/armv6-m\libg_nano.a(lib_a-init.o)
 .text          0x00000000        0x0 c:/program files (x86)/cypress/psoc creator/4.4/psoc creator/import/gnu/arm/5.4.1/bin/../lib/gcc/arm-none-eabi/5.4.1/../../../../arm-none-eabi/lib/armv6-m\libg_nano.a(lib_a-memset.o)
 .data          0x00000000        0x0 c:/program files (x86)/cypress/psoc creator/4.4/psoc creator/import/gnu/arm/5.4.1/bin/../lib/gcc/arm-none-eabi/5.4.1/../../../../arm-none-eabi/lib/armv6-m\libg_nano.a(lib_a-memset.o)
 .bss           0x00000000        0x0 c:/program files (x86)/cypress/psoc creator/4.4/psoc creator/import/gnu/arm/5.4.1/bin/../lib/gcc/arm-none-eabi/5.4.1/../../../../arm-none-eabi/lib/armv6-m\libg_nano.a(lib_a-memset.o)
 .text          0x00000000        0x0 c:/program files (x86)/cypress/psoc creator/4.4/psoc creator/import/gnu/arm/5.4.1/bin/../lib/gcc/arm-none-eabi/5.4.1/armv6-m/crtend.o
 .data          0x00000000        0x0 c:/program files (x86)/cypress/psoc creator/4.4/psoc creator/import/gnu/arm/5.4.1/bin/../lib/gcc/arm-none-eabi/5.4.1/armv6-m/crtend.o
 .bss           0x00000000        0x0 c:/program files (x86)/cypress/psoc creator/4.4/psoc creator/import/gnu/arm/5.4.1/bin/../lib/gcc/arm-none-eabi/5.4.1/armv6-m/crtend.o
 .text          0x00000000        0x0 c:/program files (x86)/cypress/psoc creator/4.4/psoc creator/import/gnu/arm/5.4.1/bin/../lib/gcc/arm-none-eabi/5.4.1/armv6-m/crtn.o
 .data          0x00000000        0x0 c:/program files (x86)/cypress/psoc creator/4.4/psoc creator/import/gnu/arm/5.4.1/bin/../lib/gcc/arm-none-eabi/5.4.1/armv6-m/crtn.o
 .bss           0x00000000        0x0 c:/program files (x86)/cypress/psoc creator/4.4/psoc creator/import/gnu/arm/5.4.1/bin/../lib/gcc/arm-none-eabi/5.4.1/armv6-m/crtn.o

Memory Configuration

Name             Origin             Length             Attributes
rom              0x00000000         0x00008000         xr
ram              0x20000000         0x00001000         xrw
*default*        0x00000000         0xffffffff

Linker script and memory map

LOAD c:/program files (x86)/cypress/psoc creator/4.4/psoc creator/import/gnu/arm/5.4.1/bin/../lib/gcc/arm-none-eabi/5.4.1/armv6-m/crti.o
LOAD c:/program files (x86)/cypress/psoc creator/4.4/psoc creator/import/gnu/arm/5.4.1/bin/../lib/gcc/arm-none-eabi/5.4.1/armv6-m/crtbegin.o
LOAD c:/program files (x86)/cypress/psoc creator/4.4/psoc creator/import/gnu/arm/5.4.1/bin/../lib/gcc/arm-none-eabi/5.4.1/../../../../arm-none-eabi/lib/armv6-m/crt0.o
START GROUP
LOAD .\CortexM0\ARM_GCC_541\Release\main.o
LOAD .\CortexM0\ARM_GCC_541\Release\cyfitter_cfg.o
LOAD .\CortexM0\ARM_GCC_541\Release\cymetadata.o
LOAD .\CortexM0\ARM_GCC_541\Release\Cm0Start.o
LOAD .\CortexM0\ARM_GCC_541\Release\Task1.a
END GROUP
START GROUP
LOAD c:/program files (x86)/cypress/psoc creator/4.4/psoc creator/import/gnu/arm/5.4.1/bin/../lib/gcc/arm-none-eabi/5.4.1/armv6-m\libgcc.a
LOAD c:/program files (x86)/cypress/psoc creator/4.4/psoc creator/import/gnu/arm/5.4.1/bin/../lib/gcc/arm-none-eabi/5.4.1/../../../../arm-none-eabi/lib/armv6-m\libg_nano.a
LOAD c:/program files (x86)/cypress/psoc creator/4.4/psoc creator/import/gnu/arm/5.4.1/bin/../lib/gcc/arm-none-eabi/5.4.1/../../../../arm-none-eabi/lib/armv6-m\libc_nano.a
END GROUP
START GROUP
LOAD c:/program files (x86)/cypress/psoc creator/4.4/psoc creator/import/gnu/arm/5.4.1/bin/../lib/gcc/arm-none-eabi/5.4.1/armv6-m\libgcc.a
LOAD c:/program files (x86)/cypress/psoc creator/4.4/psoc creator/import/gnu/arm/5.4.1/bin/../lib/gcc/arm-none-eabi/5.4.1/../../../../arm-none-eabi/lib/armv6-m\libc_nano.a
END GROUP
LOAD c:/program files (x86)/cypress/psoc creator/4.4/psoc creator/import/gnu/arm/5.4.1/bin/../lib/gcc/arm-none-eabi/5.4.1/armv6-m/crtend.o
LOAD c:/program files (x86)/cypress/psoc creator/4.4/psoc creator/import/gnu/arm/5.4.1/bin/../lib/gcc/arm-none-eabi/5.4.1/armv6-m/crtn.o
START GROUP
LOAD c:/program files (x86)/cypress/psoc creator/4.4/psoc creator/import/gnu/arm/5.4.1/bin/../lib/gcc/arm-none-eabi/5.4.1/armv6-m\libgcc.a
LOAD c:/program files (x86)/cypress/psoc creator/4.4/psoc creator/import/gnu/arm/5.4.1/bin/../lib/gcc/arm-none-eabi/5.4.1/../../../../arm-none-eabi/lib/armv6-m\libc.a
LOAD c:/program files (x86)/cypress/psoc creator/4.4/psoc creator/import/gnu/arm/5.4.1/bin/../lib/gcc/arm-none-eabi/5.4.1/../../../../arm-none-eabi/lib/armv6-m\libnosys.a
END GROUP
                0x00000000                CY_APPL_ORIGIN = 0x0
                0x00000080                CY_FLASH_ROW_SIZE = 0x80
                0x00000001                CY_APPL_NUM = 0x1
                0x00000001                CY_APPL_MAX = 0x1
                0x00000040                CY_METADATA_SIZE = 0x40
                0x00000000                CY_APPL_LOADABLE = 0x0
                0x00000000                CY_CHECKSUM_EXCLUDE_SIZE = ALIGN (0x0, CY_FLASH_ROW_SIZE)
                0x00000000                CY_APP_FOR_STACK_AND_COPIER = 0x0
                [!provide]                PROVIDE (__cy_heap_start, _end)
                0x00000001                PROVIDE (__cy_region_num, ((__cy_regions_end - __cy_regions) / 0x10))
                0x20001000                PROVIDE (__cy_stack, (ORIGIN (ram) + LENGTH (ram)))
                [!provide]                PROVIDE (__cy_heap_end, (__cy_stack - 0x400))

.cybootloader   0x00000000        0x0
 *(.cybootloader)
                0x00000000                appl1_start = CY_APPL_ORIGIN?CY_APPL_ORIGIN:ALIGN (CY_FLASH_ROW_SIZE)
                0x00003f80                appl2_start = (appl1_start + ALIGN ((((LENGTH (rom) - appl1_start) - (0x2 * CY_FLASH_ROW_SIZE)) / 0x2), CY_FLASH_ROW_SIZE))
                0x00000000                appl_start = (CY_APPL_NUM == 0x1)?appl1_start:appl2_start
                0x00000001                cy_project_type_bootloader = (appl_start == 0x0)?0x1:0x0
                0x00000000                cy_project_type_app_for_stack_and_copier = (CY_APP_FOR_STACK_AND_COPIER == 0x1)?0x1:0x0

.text           0x00000000      0x81c
 CREATE_OBJECT_SYMBOLS
                0x00000000                PROVIDE (__cy_interrupt_vector, RomVectors)
 *(.romvectors)
 .romvectors    0x00000000       0x10 .\CortexM0\ARM_GCC_541\Release\Cm0Start.o
                0x00000000                RomVectors
                0x00000001                ASSERT ((. != __cy_interrupt_vector), No interrupt vector)
                0x00000001                ASSERT (CY_APPL_ORIGIN?(SIZEOF (.cybootloader) <= CY_APPL_ORIGIN):0x1, Wrong image location)
                0x00000010                PROVIDE (__cy_reset, Reset)
 *(.text.Reset)
 .text.Reset    0x00000010        0x6 .\CortexM0\ARM_GCC_541\Release\Cm0Start.o
                0x00000010                Reset
                0x00000001                ASSERT ((. != __cy_reset), No reset code)
 *(.psocinit)
 *fill*         0x00000016        0x2 
 .psocinit      0x00000018      0x100 .\CortexM0\ARM_GCC_541\Release\cyfitter_cfg.o
                0x00000018                cyfitter_cfg
                0x00000118                . = MAX (., 0x100)
 *(.text .text.* .gnu.linkonce.t.*)
 .text          0x00000118       0x60 c:/program files (x86)/cypress/psoc creator/4.4/psoc creator/import/gnu/arm/5.4.1/bin/../lib/gcc/arm-none-eabi/5.4.1/armv6-m/crtbegin.o
 .text.startup.main
                0x00000178       0x64 .\CortexM0\ARM_GCC_541\Release\main.o
                0x00000178                main
 .text.IntDefaultHandler
                0x000001dc       0x10 .\CortexM0\ARM_GCC_541\Release\Cm0Start.o
                0x000001dc                IntDefaultHandler
 .text.Start_c  0x000001ec       0x4c .\CortexM0\ARM_GCC_541\Release\Cm0Start.o
                0x000001ec                Start_c
 .text.startup.initialize_psoc
                0x00000238       0x3c .\CortexM0\ARM_GCC_541\Release\Cm0Start.o
                0x00000238                initialize_psoc
 .text.Button_Read
                0x00000274       0x10 .\CortexM0\ARM_GCC_541\Release\Task1.a(Button.o)
                0x00000274                Button_Read
 .text.LED_Red_Write
                0x00000284       0x18 .\CortexM0\ARM_GCC_541\Release\Task1.a(LED_Red.o)
                0x00000284                LED_Red_Write
 .text.LED_Green_Write
                0x0000029c       0x18 .\CortexM0\ARM_GCC_541\Release\Task1.a(LED_Green.o)
                0x0000029c                LED_Green_Write
 .text.LED_Blue_Write
                0x000002b4       0x18 .\CortexM0\ARM_GCC_541\Release\Task1.a(LED_Blue.o)
                0x000002b4                LED_Blue_Write
 .text.SW_Tx_UART_Start
                0x000002cc        0x2 .\CortexM0\ARM_GCC_541\Release\Task1.a(SW_Tx_UART.o)
                0x000002cc                SW_Tx_UART_Start
 .text.SW_Tx_UART_PutString
                0x000002ce       0x1a .\CortexM0\ARM_GCC_541\Release\Task1.a(SW_Tx_UART.o)
                0x000002ce                SW_Tx_UART_PutString
 .text.SW_Tx_UART_PutCRLF
                0x000002e8       0x10 .\CortexM0\ARM_GCC_541\Release\Task1.a(SW_Tx_UART.o)
                0x000002e8                SW_Tx_UART_PutCRLF
 .text.CyIntSetVector
                0x000002f8       0x10 .\CortexM0\ARM_GCC_541\Release\Task1.a(CyLib.o)
                0x000002f8                CyIntSetVector
 .text.CyIntEnable
                0x00000308       0x14 .\CortexM0\ARM_GCC_541\Release\Task1.a(CyLib.o)
                0x00000308                CyIntEnable
 .text.CyDelayUs
                0x0000031c       0x14 .\CortexM0\ARM_GCC_541\Release\Task1.a(CyLib.o)
                0x0000031c                CyDelayUs
 .text.CySysClkWriteImoFreq
                0x00000330      0x124 .\CortexM0\ARM_GCC_541\Release\Task1.a(CyLib.o)
                0x00000330                CySysClkWriteImoFreq
 .text.CySysWdtLock
                0x00000454       0x1c .\CortexM0\ARM_GCC_541\Release\Task1.a(CyLFClk.o)
                0x00000454                CySysWdtLock
 .text.CySysWdtUnlock
                0x00000470       0x30 .\CortexM0\ARM_GCC_541\Release\Task1.a(CyLFClk.o)
                0x00000470                CySysWdtUnlock
 .text.CySysWdtClearInterrupt
                0x000004a0       0x54 .\CortexM0\ARM_GCC_541\Release\Task1.a(CyLFClk.o)
                0x000004a0                CySysWdtClearInterrupt
 .text.CySysWdtIsr
                0x000004f4       0xa0 .\CortexM0\ARM_GCC_541\Release\Task1.a(CyLFClk.o)
                0x000004f4                CySysWdtIsr
 *fill*         0x00000594        0xc 
 .text          0x000005a0       0xd4 .\CortexM0\ARM_GCC_541\Release\Task1.a(SW_Tx_UART_AsmGnu.o)
                0x000005a0                SW_Tx_UART_PutChar
 *fill*         0x00000674        0x4 
 .text          0x00000678       0x24 .\CortexM0\ARM_GCC_541\Release\Task1.a(CyBootAsmGnu.o)
                0x00000678                CyDelayCycles
                0x0000068c                CyEnterCriticalSection
                0x00000694                CyExitCriticalSection
 .text          0x0000069c      0x114 c:/program files (x86)/cypress/psoc creator/4.4/psoc creator/import/gnu/arm/5.4.1/bin/../lib/gcc/arm-none-eabi/5.4.1/armv6-m\libgcc.a(_udivsi3.o)
                0x0000069c                __aeabi_uidiv
                0x0000069c                __udivsi3
                0x000007a8                __aeabi_uidivmod
 .text          0x000007b0        0x4 c:/program files (x86)/cypress/psoc creator/4.4/psoc creator/import/gnu/arm/5.4.1/bin/../lib/gcc/arm-none-eabi/5.4.1/armv6-m\libgcc.a(_dvmd_tls.o)
                0x000007b0                __aeabi_idiv0
                0x000007b0                __aeabi_ldiv0
 .text.__errno  0x000007b4        0xc c:/program files (x86)/cypress/psoc creator/4.4/psoc creator/import/gnu/arm/5.4.1/bin/../lib/gcc/arm-none-eabi/5.4.1/../../../../arm-none-eabi/lib/armv6-m\libg_nano.a(lib_a-errno.o)
                0x000007b4                __errno
 .text.__libc_init_array
                0x000007c0       0x4c c:/program files (x86)/cypress/psoc creator/4.4/psoc creator/import/gnu/arm/5.4.1/bin/../lib/gcc/arm-none-eabi/5.4.1/../../../../arm-none-eabi/lib/armv6-m\libg_nano.a(lib_a-init.o)
                0x000007c0                __libc_init_array
 .text.memset   0x0000080c       0x10 c:/program files (x86)/cypress/psoc creator/4.4/psoc creator/import/gnu/arm/5.4.1/bin/../lib/gcc/arm-none-eabi/5.4.1/../../../../arm-none-eabi/lib/armv6-m\libg_nano.a(lib_a-memset.o)
                0x0000080c                memset
 *(.plt)
 *(.gnu.warning)
 *(.glue_7t)
 .glue_7t       0x0000081c        0x0 linker stubs
 *(.glue_7)
 .glue_7        0x0000081c        0x0 linker stubs
 *(.vfp11_veneer)
 .vfp11_veneer  0x0000081c        0x0 linker stubs
 *(.bootloader)
 *(.ARM.extab* .gnu.linkonce.armextab.*)
 *(.gcc_except_table)

.v4_bx          0x0000081c        0x0
 .v4_bx         0x0000081c        0x0 linker stubs

.iplt           0x0000081c        0x0
 .iplt          0x0000081c        0x0 c:/program files (x86)/cypress/psoc creator/4.4/psoc creator/import/gnu/arm/5.4.1/bin/../lib/gcc/arm-none-eabi/5.4.1/armv6-m/crtbegin.o

.eh_frame_hdr
 *(.eh_frame_hdr)

.eh_frame       0x0000081c        0x4
 *(.eh_frame)
 .eh_frame      0x0000081c        0x0 c:/program files (x86)/cypress/psoc creator/4.4/psoc creator/import/gnu/arm/5.4.1/bin/../lib/gcc/arm-none-eabi/5.4.1/armv6-m/crtbegin.o
 .eh_frame      0x0000081c        0x4 c:/program files (x86)/cypress/psoc creator/4.4/psoc creator/import/gnu/arm/5.4.1/bin/../lib/gcc/arm-none-eabi/5.4.1/armv6-m/crtend.o
                [!provide]                PROVIDE (__exidx_start, .)

.ARM.exidx
 *(.ARM.exidx* .gnu.linkonce.armexidx.*)
                0x00000820                __exidx_end = .

.rodata         0x00000820       0xa0
 *(.rodata .rodata.* .gnu.linkonce.r.*)
 .rodata.str1.1
                0x00000820       0x36 .\CortexM0\ARM_GCC_541\Release\main.o
 .rodata        0x00000856       0x2e .\CortexM0\ARM_GCC_541\Release\Task1.a(CyLib.o)
                0x00000856                cyImoFreqMhz2Reg
 .rodata.str1.1
                0x00000884        0x2 c:/program files (x86)/cypress/psoc creator/4.4/psoc creator/import/gnu/arm/5.4.1/bin/../lib/gcc/arm-none-eabi/5.4.1/../../../../arm-none-eabi/lib/armv6-m\libg_nano.a(lib_a-impure.o)
                0x00000888                . = ALIGN (0x4)
 *fill*         0x00000886        0x2 
 *(.init)
 .init          0x00000888        0x4 c:/program files (x86)/cypress/psoc creator/4.4/psoc creator/import/gnu/arm/5.4.1/bin/../lib/gcc/arm-none-eabi/5.4.1/armv6-m/crti.o
                0x00000888                _init
 .init          0x0000088c        0x8 c:/program files (x86)/cypress/psoc creator/4.4/psoc creator/import/gnu/arm/5.4.1/bin/../lib/gcc/arm-none-eabi/5.4.1/armv6-m/crtn.o
                0x00000894                . = ALIGN (0x4)
                0x00000894                __preinit_array_start = .
 *(.preinit_array)
                0x00000894                __preinit_array_end = .
                0x00000894                . = ALIGN (0x4)
                0x00000894                __init_array_start = .
 *(SORT(.init_array.*))
 *(.init_array)
 .init_array    0x00000894        0x4 c:/program files (x86)/cypress/psoc creator/4.4/psoc creator/import/gnu/arm/5.4.1/bin/../lib/gcc/arm-none-eabi/5.4.1/armv6-m/crtbegin.o
 .init_array    0x00000898        0x4 .\CortexM0\ARM_GCC_541\Release\Cm0Start.o
                0x0000089c                __init_array_end = .
                0x0000089c                . = ALIGN (0x4)
 *(.fini)
 .fini          0x0000089c        0x4 c:/program files (x86)/cypress/psoc creator/4.4/psoc creator/import/gnu/arm/5.4.1/bin/../lib/gcc/arm-none-eabi/5.4.1/armv6-m/crti.o
                0x0000089c                _fini
 .fini          0x000008a0        0x8 c:/program files (x86)/cypress/psoc creator/4.4/psoc creator/import/gnu/arm/5.4.1/bin/../lib/gcc/arm-none-eabi/5.4.1/armv6-m/crtn.o
                0x000008a8                . = ALIGN (0x4)
                0x000008a8                __fini_array_start = .
 *(.fini_array)
 .fini_array    0x000008a8        0x4 c:/program files (x86)/cypress/psoc creator/4.4/psoc creator/import/gnu/arm/5.4.1/bin/../lib/gcc/arm-none-eabi/5.4.1/armv6-m/crtbegin.o
 *(SORT(.fini_array.*))
                0x000008ac                __fini_array_end = .
                0x000008ac                . = ALIGN (0x4)
 *crtbegin.o(.ctors)
 *(EXCLUDE_FILE(*crtend.o) .ctors)
 *(SORT(.ctors.*))
 *crtend.o(.ctors)
                0x000008ac                . = ALIGN (0x4)
 *crtbegin.o(.dtors)
 *(EXCLUDE_FILE(*crtend.o) .dtors)
 *(SORT(.dtors.*))
 *crtend.o(.dtors)
                0x000008ac                . = ALIGN (0x4)
                0x000008ac                __cy_regions = .
                0x000008ac        0x4 LONG 0x8c0 __cy_region_init_ram
                0x000008b0        0x4 LONG 0x200000c0 __cy_region_start_data
                0x000008b4        0x4 LONG 0x90 __cy_region_init_size_ram
                0x000008b8        0x4 LONG 0x40 __cy_region_zero_size_ram
                0x000008bc                __cy_regions_end = .
                0x000008c0                . = ALIGN (0x8)
 *fill*         0x000008bc        0x4 
                0x000008c0                _etext = .

.cy_checksum_exclude
                0x000008c0        0x0
 *(.cy_checksum_exclude)

.ramvectors     0x20000000       0xc0
                0x20000000                __cy_region_start_ram = .
 *(.ramvectors)
 .ramvectors    0x20000000       0xc0 .\CortexM0\ARM_GCC_541\Release\Cm0Start.o
                0x20000000                CyRamVectors

.noinit
 *(.noinit)

.data           0x200000c0       0x90 load address 0x000008c0
                0x200000c0                __cy_region_start_data = .
 *(.jcr)
 .jcr           0x200000c0        0x0 c:/program files (x86)/cypress/psoc creator/4.4/psoc creator/import/gnu/arm/5.4.1/bin/../lib/gcc/arm-none-eabi/5.4.1/armv6-m/crtbegin.o
 .jcr           0x200000c0        0x4 c:/program files (x86)/cypress/psoc creator/4.4/psoc creator/import/gnu/arm/5.4.1/bin/../lib/gcc/arm-none-eabi/5.4.1/armv6-m/crtend.o
 *(.got.plt)
 *(.got)
 *(.shdata)
 *(.data .data.* .gnu.linkonce.d.*)
 .data          0x200000c4        0xc .\CortexM0\ARM_GCC_541\Release\Task1.a(SW_Tx_UART.o)
                0x200000c4                SW_Tx_UART_pinDrAdress
                0x200000c8                SW_Tx_UART_pinPortNumber
                0x200000cc                SW_Tx_UART_pinNumber
 .data          0x200000d0       0x14 .\CortexM0\ARM_GCC_541\Release\Task1.a(CyLib.o)
                0x200000d0                CySysClkPumpConfig
                0x200000d4                cydelay32kMs
                0x200000d8                cydelayFreqKhz
                0x200000dc                cydelayFreqMhz
                0x200000e0                cydelayFreqHz
 .data          0x200000e4        0x4 .\CortexM0\ARM_GCC_541\Release\Task1.a(CyLFClk.o)
 .data.impure_data
                0x200000e8       0x60 c:/program files (x86)/cypress/psoc creator/4.4/psoc creator/import/gnu/arm/5.4.1/bin/../lib/gcc/arm-none-eabi/5.4.1/../../../../arm-none-eabi/lib/armv6-m\libg_nano.a(lib_a-impure.o)
 .data._impure_ptr
                0x20000148        0x4 c:/program files (x86)/cypress/psoc creator/4.4/psoc creator/import/gnu/arm/5.4.1/bin/../lib/gcc/arm-none-eabi/5.4.1/../../../../arm-none-eabi/lib/armv6-m\libg_nano.a(lib_a-impure.o)
                0x20000148                _impure_ptr
                0x20000150                . = ALIGN (0x8)
 *fill*         0x2000014c        0x4 
 *(.ram)
                0x20000150                _edata = .

.igot.plt       0x20000150        0x0 load address 0x00000950
 .igot.plt      0x20000150        0x0 c:/program files (x86)/cypress/psoc creator/4.4/psoc creator/import/gnu/arm/5.4.1/bin/../lib/gcc/arm-none-eabi/5.4.1/armv6-m/crtbegin.o

.bss            0x20000150       0x40 load address 0x00000950
                0x20000150                PROVIDE (__bss_start__, .)
 *(.shbss)
 *(.bss .bss.* .gnu.linkonce.b.*)
 .bss           0x20000150       0x1c c:/program files (x86)/cypress/psoc creator/4.4/psoc creator/import/gnu/arm/5.4.1/bin/../lib/gcc/arm-none-eabi/5.4.1/armv6-m/crtbegin.o
 .bss           0x2000016c       0x20 .\CortexM0\ARM_GCC_541\Release\Task1.a(CyLFClk.o)
 *(COMMON)
                0x20000190                . = ALIGN (0x8)
 *fill*         0x2000018c        0x4 
 *(.ram.b)
                0x20000190                _end = .
                0x20000190                __end = .
                0x20000190                PROVIDE (end, .)
                0x20000190                PROVIDE (__bss_end__, .)
                0x000008c0                __cy_region_init_ram = LOADADDR (.data)
                0x00000090                __cy_region_init_size_ram = (_edata - ADDR (.data))
                0x00000040                __cy_region_zero_size_ram = (_end - _edata)

.heap           0x20000190       0x80 load address 0x00000950
                0x20000190                . = _end
                0x20000210                . = (. + 0x80)
 *fill*         0x20000190       0x80 
                0x20000210                __cy_heap_limit = .

.stack          0x20000c00      0x400
                0x20000c00                __cy_stack_limit = .
                0x20001000                . = (. + 0x400)
 *fill*         0x20000c00      0x400 
                0x00000001                ASSERT ((__cy_stack_limit >= __cy_heap_limit), region RAM overflowed with stack)
                0x00000000                cy_checksum_exclude_size = (CY_APPL_LOADABLE == 0x1)?SIZEOF (.cy_checksum_exclude):0x0
                0x00000001                ASSERT ((cy_checksum_exclude_size <= CY_CHECKSUM_EXCLUDE_SIZE), CY_BOOT: Section .cy_checksum_exclude size exceedes specified limit.)
                0x00007fc0                cyloadermeta_start = (cy_project_type_bootloader || cy_project_type_app_for_stack_and_copier)?(LENGTH (rom) - CY_METADATA_SIZE):0xf0000000

.cyloadermeta
 *(.cyloadermeta)
                0x00007fc0                cyloadablemeta_start = cy_project_type_app_for_stack_and_copier?((LENGTH (rom) - CY_FLASH_ROW_SIZE) - CY_METADATA_SIZE):((LENGTH (rom) - (CY_FLASH_ROW_SIZE * (CY_APPL_NUM - 0x1))) - CY_METADATA_SIZE)

.cyloadablemeta
 *(.cyloadablemeta)

.cyflashprotect
                0x90400000       0x20
 *(.cyflashprotect)
 .cyflashprotect
                0x90400000       0x20 .\CortexM0\ARM_GCC_541\Release\cymetadata.o
                0x90400000                cy_meta_flashprotect

.cymeta         0x90500000        0xc
 *(.cymeta)
 .cymeta        0x90500000        0xc .\CortexM0\ARM_GCC_541\Release\cymetadata.o
                0x90500000                cy_metadata

.cychipprotect  0x90600000        0x1
 *(.cychipprotect)
 .cychipprotect
                0x90600000        0x1 .\CortexM0\ARM_GCC_541\Release\cymetadata.o
                0x90600000                cy_meta_chipprotect

.rel.dyn        0x00000950        0x0 load address 0x90600004
 .rel.iplt      0x00000950        0x0 c:/program files (x86)/cypress/psoc creator/4.4/psoc creator/import/gnu/arm/5.4.1/bin/../lib/gcc/arm-none-eabi/5.4.1/armv6-m/crtbegin.o

.stab
 *(.stab)

.stabstr
 *(.stabstr)

.debug
 *(.debug)

.line
 *(.line)

.debug_srcinfo
 *(.debug_srcinfo)

.debug_sfnames
 *(.debug_sfnames)

.debug_aranges  0x00000000      0x4e0
 *(.debug_aranges)
 .debug_aranges
                0x00000000       0x20 .\CortexM0\ARM_GCC_541\Release\main.o
 .debug_aranges
                0x00000020       0x20 .\CortexM0\ARM_GCC_541\Release\cyfitter_cfg.o
 .debug_aranges
                0x00000040       0x18 .\CortexM0\ARM_GCC_541\Release\cymetadata.o
 .debug_aranges
                0x00000058       0x48 .\CortexM0\ARM_GCC_541\Release\Cm0Start.o
 .debug_aranges
                0x000000a0       0x48 .\CortexM0\ARM_GCC_541\Release\Task1.a(Button.o)
 .debug_aranges
                0x000000e8       0x48 .\CortexM0\ARM_GCC_541\Release\Task1.a(LED_Red.o)
 .debug_aranges
                0x00000130       0x48 .\CortexM0\ARM_GCC_541\Release\Task1.a(LED_Green.o)
 .debug_aranges
                0x00000178       0x48 .\CortexM0\ARM_GCC_541\Release\Task1.a(LED_Blue.o)
 .debug_aranges
                0x000001c0       0x48 .\CortexM0\ARM_GCC_541\Release\Task1.a(SW_Tx_UART.o)
 .debug_aranges
                0x00000208      0x180 .\CortexM0\ARM_GCC_541\Release\Task1.a(CyLib.o)
 .debug_aranges
                0x00000388      0x118 .\CortexM0\ARM_GCC_541\Release\Task1.a(CyLFClk.o)
 .debug_aranges
                0x000004a0       0x20 .\CortexM0\ARM_GCC_541\Release\Task1.a(SW_Tx_UART_AsmGnu.o)
 .debug_aranges
                0x000004c0       0x20 .\CortexM0\ARM_GCC_541\Release\Task1.a(CyBootAsmGnu.o)

.debug_pubnames
 *(.debug_pubnames)

.debug_info     0x00000000     0x2b72
 *(.debug_info .gnu.linkonce.wi.*)
 .debug_info    0x00000000      0x1a9 .\CortexM0\ARM_GCC_541\Release\main.o
 .debug_info    0x000001a9      0x28f .\CortexM0\ARM_GCC_541\Release\cyfitter_cfg.o
 .debug_info    0x00000438       0xf8 .\CortexM0\ARM_GCC_541\Release\cymetadata.o
 .debug_info    0x00000530      0x39e .\CortexM0\ARM_GCC_541\Release\Cm0Start.o
 .debug_info    0x000008ce      0x19b .\CortexM0\ARM_GCC_541\Release\Task1.a(Button.o)
 .debug_info    0x00000a69      0x19b .\CortexM0\ARM_GCC_541\Release\Task1.a(LED_Red.o)
 .debug_info    0x00000c04      0x19b .\CortexM0\ARM_GCC_541\Release\Task1.a(LED_Green.o)
 .debug_info    0x00000d9f      0x19b .\CortexM0\ARM_GCC_541\Release\Task1.a(LED_Blue.o)
 .debug_info    0x00000f3a      0x2bb .\CortexM0\ARM_GCC_541\Release\Task1.a(SW_Tx_UART.o)
 .debug_info    0x000011f5      0xaef .\CortexM0\ARM_GCC_541\Release\Task1.a(CyLib.o)
 .debug_info    0x00001ce4      0xd7b .\CortexM0\ARM_GCC_541\Release\Task1.a(CyLFClk.o)
 .debug_info    0x00002a5f       0x8c .\CortexM0\ARM_GCC_541\Release\Task1.a(SW_Tx_UART_AsmGnu.o)
 .debug_info    0x00002aeb       0x87 .\CortexM0\ARM_GCC_541\Release\Task1.a(CyBootAsmGnu.o)

.debug_abbrev   0x00000000      0xec6
 *(.debug_abbrev)
 .debug_abbrev  0x00000000       0xa5 .\CortexM0\ARM_GCC_541\Release\main.o
 .debug_abbrev  0x000000a5      0x170 .\CortexM0\ARM_GCC_541\Release\cyfitter_cfg.o
 .debug_abbrev  0x00000215       0x5d .\CortexM0\ARM_GCC_541\Release\cymetadata.o
 .debug_abbrev  0x00000272      0x1d5 .\CortexM0\ARM_GCC_541\Release\Cm0Start.o
 .debug_abbrev  0x00000447       0xc6 .\CortexM0\ARM_GCC_541\Release\Task1.a(Button.o)
 .debug_abbrev  0x0000050d       0xc6 .\CortexM0\ARM_GCC_541\Release\Task1.a(LED_Red.o)
 .debug_abbrev  0x000005d3       0xc6 .\CortexM0\ARM_GCC_541\Release\Task1.a(LED_Green.o)
 .debug_abbrev  0x00000699       0xc6 .\CortexM0\ARM_GCC_541\Release\Task1.a(LED_Blue.o)
 .debug_abbrev  0x0000075f      0x112 .\CortexM0\ARM_GCC_541\Release\Task1.a(SW_Tx_UART.o)
 .debug_abbrev  0x00000871      0x2e6 .\CortexM0\ARM_GCC_541\Release\Task1.a(CyLib.o)
 .debug_abbrev  0x00000b57      0x347 .\CortexM0\ARM_GCC_541\Release\Task1.a(CyLFClk.o)
 .debug_abbrev  0x00000e9e       0x14 .\CortexM0\ARM_GCC_541\Release\Task1.a(SW_Tx_UART_AsmGnu.o)
 .debug_abbrev  0x00000eb2       0x14 .\CortexM0\ARM_GCC_541\Release\Task1.a(CyBootAsmGnu.o)

.debug_line     0x00000000     0x14f2
 *(.debug_line)
 .debug_line    0x00000000      0x1b0 .\CortexM0\ARM_GCC_541\Release\main.o
 .debug_line    0x000001b0      0x146 .\CortexM0\ARM_GCC_541\Release\cyfitter_cfg.o
 .debug_line    0x000002f6      0x141 .\CortexM0\ARM_GCC_541\Release\cymetadata.o
 .debug_line    0x00000437      0x22f .\CortexM0\ARM_GCC_541\Release\Cm0Start.o
 .debug_line    0x00000666       0xc9 .\CortexM0\ARM_GCC_541\Release\Task1.a(Button.o)
 .debug_line    0x0000072f       0xca .\CortexM0\ARM_GCC_541\Release\Task1.a(LED_Red.o)
 .debug_line    0x000007f9       0xcc .\CortexM0\ARM_GCC_541\Release\Task1.a(LED_Green.o)
 .debug_line    0x000008c5       0xcb .\CortexM0\ARM_GCC_541\Release\Task1.a(LED_Blue.o)
 .debug_line    0x00000990       0xe1 .\CortexM0\ARM_GCC_541\Release\Task1.a(SW_Tx_UART.o)
 .debug_line    0x00000a71      0x4b5 .\CortexM0\ARM_GCC_541\Release\Task1.a(CyLib.o)
 .debug_line    0x00000f26      0x4c0 .\CortexM0\ARM_GCC_541\Release\Task1.a(CyLFClk.o)
 .debug_line    0x000013e6       0xa3 .\CortexM0\ARM_GCC_541\Release\Task1.a(SW_Tx_UART_AsmGnu.o)
 .debug_line    0x00001489       0x69 .\CortexM0\ARM_GCC_541\Release\Task1.a(CyBootAsmGnu.o)

.debug_frame    0x00000000      0xb08
 *(.debug_frame)
 .debug_frame   0x00000000       0x30 .\CortexM0\ARM_GCC_541\Release\main.o
 .debug_frame   0x00000030       0x30 .\CortexM0\ARM_GCC_541\Release\cyfitter_cfg.o
 .debug_frame   0x00000060       0xc8 .\CortexM0\ARM_GCC_541\Release\Cm0Start.o
 .debug_frame   0x00000128       0x70 .\CortexM0\ARM_GCC_541\Release\Task1.a(Button.o)
 .debug_frame   0x00000198       0x70 .\CortexM0\ARM_GCC_541\Release\Task1.a(LED_Red.o)
 .debug_frame   0x00000208       0x70 .\CortexM0\ARM_GCC_541\Release\Task1.a(LED_Green.o)
 .debug_frame   0x00000278       0x70 .\CortexM0\ARM_GCC_541\Release\Task1.a(LED_Blue.o)
 .debug_frame   0x000002e8       0xc8 .\CortexM0\ARM_GCC_541\Release\Task1.a(SW_Tx_UART.o)
 .debug_frame   0x000003b0      0x3b0 .\CortexM0\ARM_GCC_541\Release\Task1.a(CyLib.o)
 .debug_frame   0x00000760      0x2f4 .\CortexM0\ARM_GCC_541\Release\Task1.a(CyLFClk.o)
 .debug_frame   0x00000a54       0x20 c:/program files (x86)/cypress/psoc creator/4.4/psoc creator/import/gnu/arm/5.4.1/bin/../lib/gcc/arm-none-eabi/5.4.1/armv6-m\libgcc.a(_udivsi3.o)
 .debug_frame   0x00000a74       0x20 c:/program files (x86)/cypress/psoc creator/4.4/psoc creator/import/gnu/arm/5.4.1/bin/../lib/gcc/arm-none-eabi/5.4.1/../../../../arm-none-eabi/lib/armv6-m\libg_nano.a(lib_a-errno.o)
 .debug_frame   0x00000a94       0x28 c:/program files (x86)/cypress/psoc creator/4.4/psoc creator/import/gnu/arm/5.4.1/bin/../lib/gcc/arm-none-eabi/5.4.1/../../../../arm-none-eabi/lib/armv6-m\libg_nano.a(lib_a-exit.o)
 .debug_frame   0x00000abc       0x2c c:/program files (x86)/cypress/psoc creator/4.4/psoc creator/import/gnu/arm/5.4.1/bin/../lib/gcc/arm-none-eabi/5.4.1/../../../../arm-none-eabi/lib/armv6-m\libg_nano.a(lib_a-init.o)
 .debug_frame   0x00000ae8       0x20 c:/program files (x86)/cypress/psoc creator/4.4/psoc creator/import/gnu/arm/5.4.1/bin/../lib/gcc/arm-none-eabi/5.4.1/../../../../arm-none-eabi/lib/armv6-m\libg_nano.a(lib_a-memset.o)

.debug_str      0x00000000     0x11a1
 *(.debug_str)
 .debug_str     0x00000000      0x1c5 .\CortexM0\ARM_GCC_541\Release\main.o
                                0x20d (size before relaxing)
 .debug_str     0x000001c5       0xd3 .\CortexM0\ARM_GCC_541\Release\cyfitter_cfg.o
                                0x252 (size before relaxing)
 .debug_str     0x00000298       0x59 .\CortexM0\ARM_GCC_541\Release\cymetadata.o
                                0x1bf (size before relaxing)
 .debug_str     0x000002f1      0x140 .\CortexM0\ARM_GCC_541\Release\Cm0Start.o
                                0x2f8 (size before relaxing)
 .debug_str     0x00000431       0xb1 .\CortexM0\ARM_GCC_541\Release\Task1.a(Button.o)
                                0x234 (size before relaxing)
 .debug_str     0x000004e2       0x87 .\CortexM0\ARM_GCC_541\Release\Task1.a(LED_Red.o)
                                0x23b (size before relaxing)
 .debug_str     0x00000569       0x93 .\CortexM0\ARM_GCC_541\Release\Task1.a(LED_Green.o)
                                0x249 (size before relaxing)
 .debug_str     0x000005fc       0x8d .\CortexM0\ARM_GCC_541\Release\Task1.a(LED_Blue.o)
                                0x242 (size before relaxing)
 .debug_str     0x00000689      0x123 .\CortexM0\ARM_GCC_541\Release\Task1.a(SW_Tx_UART.o)
                                0x2cb (size before relaxing)
 .debug_str     0x000007ac      0x4ca .\CortexM0\ARM_GCC_541\Release\Task1.a(CyLib.o)
                                0x6ad (size before relaxing)
 .debug_str     0x00000c76      0x52b .\CortexM0\ARM_GCC_541\Release\Task1.a(CyLFClk.o)
                                0x72d (size before relaxing)

.debug_loc      0x00000000     0x152f
 *(.debug_loc)
 .debug_loc     0x00000000       0x1f .\CortexM0\ARM_GCC_541\Release\main.o
 .debug_loc     0x0000001f       0x92 .\CortexM0\ARM_GCC_541\Release\cyfitter_cfg.o
 .debug_loc     0x000000b1      0x1de .\CortexM0\ARM_GCC_541\Release\Cm0Start.o
 .debug_loc     0x0000028f       0xa1 .\CortexM0\ARM_GCC_541\Release\Task1.a(Button.o)
 .debug_loc     0x00000330       0xa1 .\CortexM0\ARM_GCC_541\Release\Task1.a(LED_Red.o)
 .debug_loc     0x000003d1       0xa1 .\CortexM0\ARM_GCC_541\Release\Task1.a(LED_Green.o)
 .debug_loc     0x00000472       0xa1 .\CortexM0\ARM_GCC_541\Release\Task1.a(LED_Blue.o)
 .debug_loc     0x00000513      0x141 .\CortexM0\ARM_GCC_541\Release\Task1.a(SW_Tx_UART.o)
 .debug_loc     0x00000654      0x545 .\CortexM0\ARM_GCC_541\Release\Task1.a(CyLib.o)
 .debug_loc     0x00000b99      0x996 .\CortexM0\ARM_GCC_541\Release\Task1.a(CyLFClk.o)

.debug_macinfo
 *(.debug_macinfo)

.debug_ranges   0x00000000      0x520
 *(.debug_ranges)
 .debug_ranges  0x00000000       0x10 .\CortexM0\ARM_GCC_541\Release\main.o
 .debug_ranges  0x00000010       0x68 .\CortexM0\ARM_GCC_541\Release\cyfitter_cfg.o
 .debug_ranges  0x00000078       0x50 .\CortexM0\ARM_GCC_541\Release\Cm0Start.o
 .debug_ranges  0x000000c8       0x38 .\CortexM0\ARM_GCC_541\Release\Task1.a(Button.o)
 .debug_ranges  0x00000100       0x38 .\CortexM0\ARM_GCC_541\Release\Task1.a(LED_Red.o)
 .debug_ranges  0x00000138       0x38 .\CortexM0\ARM_GCC_541\Release\Task1.a(LED_Green.o)
 .debug_ranges  0x00000170       0x38 .\CortexM0\ARM_GCC_541\Release\Task1.a(LED_Blue.o)
 .debug_ranges  0x000001a8       0x38 .\CortexM0\ARM_GCC_541\Release\Task1.a(SW_Tx_UART.o)
 .debug_ranges  0x000001e0      0x1a8 .\CortexM0\ARM_GCC_541\Release\Task1.a(CyLib.o)
 .debug_ranges  0x00000388      0x198 .\CortexM0\ARM_GCC_541\Release\Task1.a(CyLFClk.o)

.comment        0x00000000       0x6e
 .comment       0x00000000       0x6e .\CortexM0\ARM_GCC_541\Release\main.o
                                 0x6f (size before relaxing)
 .comment       0x0000006e       0x6f .\CortexM0\ARM_GCC_541\Release\cyfitter_cfg.o
 .comment       0x0000006e       0x6f .\CortexM0\ARM_GCC_541\Release\cymetadata.o
 .comment       0x0000006e       0x6f .\CortexM0\ARM_GCC_541\Release\Cm0Start.o
 .comment       0x0000006e       0x6f .\CortexM0\ARM_GCC_541\Release\Task1.a(Button.o)
 .comment       0x0000006e       0x6f .\CortexM0\ARM_GCC_541\Release\Task1.a(LED_Red.o)
 .comment       0x0000006e       0x6f .\CortexM0\ARM_GCC_541\Release\Task1.a(LED_Green.o)
 .comment       0x0000006e       0x6f .\CortexM0\ARM_GCC_541\Release\Task1.a(LED_Blue.o)
 .comment       0x0000006e       0x6f .\CortexM0\ARM_GCC_541\Release\Task1.a(SW_Tx_UART.o)
 .comment       0x0000006e       0x6f .\CortexM0\ARM_GCC_541\Release\Task1.a(CyLib.o)
 .comment       0x0000006e       0x6f .\CortexM0\ARM_GCC_541\Release\Task1.a(CyLFClk.o)

.debug_weaknames
 *(.debug_weaknames)

.debug_funcnames
 *(.debug_funcnames)

.debug_typenames
 *(.debug_typenames)

.debug_varnames
 *(.debug_varnames)

.note.gnu.arm.ident
 *(.note.gnu.arm.ident)

.ARM.attributes
                0x00000000       0x28
 *(.ARM.attributes)
 .ARM.attributes
                0x00000000       0x1e c:/program files (x86)/cypress/psoc creator/4.4/psoc creator/import/gnu/arm/5.4.1/bin/../lib/gcc/arm-none-eabi/5.4.1/armv6-m/crti.o
 .ARM.attributes
                0x0000001e       0x2c c:/program files (x86)/cypress/psoc creator/4.4/psoc creator/import/gnu/arm/5.4.1/bin/../lib/gcc/arm-none-eabi/5.4.1/armv6-m/crtbegin.o
 .ARM.attributes
                0x0000004a       0x1b c:/program files (x86)/cypress/psoc creator/4.4/psoc creator/import/gnu/arm/5.4.1/bin/../lib/gcc/arm-none-eabi/5.4.1/../../../../arm-none-eabi/lib/armv6-m/crt0.o
 .ARM.attributes
                0x00000065       0x31 .\CortexM0\ARM_GCC_541\Release\main.o
 .ARM.attributes
                0x00000096       0x31 .\CortexM0\ARM_GCC_541\Release\cyfitter_cfg.o
 .ARM.attributes
                0x000000c7       0x31 .\CortexM0\ARM_GCC_541\Release\cymetadata.o
 .ARM.attributes
                0x000000f8       0x31 .\CortexM0\ARM_GCC_541\Release\Cm0Start.o
 .ARM.attributes
                0x00000129       0x31 .\CortexM0\ARM_GCC_541\Release\Task1.a(Button.o)
 .ARM.attributes
                0x0000015a       0x31 .\CortexM0\ARM_GCC_541\Release\Task1.a(LED_Red.o)
 .ARM.attributes
                0x0000018b       0x31 .\CortexM0\ARM_GCC_541\Release\Task1.a(LED_Green.o)
 .ARM.attributes
                0x000001bc       0x31 .\CortexM0\ARM_GCC_541\Release\Task1.a(LED_Blue.o)
 .ARM.attributes
                0x000001ed       0x31 .\CortexM0\ARM_GCC_541\Release\Task1.a(SW_Tx_UART.o)
 .ARM.attributes
                0x0000021e       0x31 .\CortexM0\ARM_GCC_541\Release\Task1.a(CyLib.o)
 .ARM.attributes
                0x0000024f       0x31 .\CortexM0\ARM_GCC_541\Release\Task1.a(CyLFClk.o)
 .ARM.attributes
                0x00000280       0x21 .\CortexM0\ARM_GCC_541\Release\Task1.a(SW_Tx_UART_AsmGnu.o)
 .ARM.attributes
                0x000002a1       0x21 .\CortexM0\ARM_GCC_541\Release\Task1.a(CyBootAsmGnu.o)
 .ARM.attributes
                0x000002c2       0x1e c:/program files (x86)/cypress/psoc creator/4.4/psoc creator/import/gnu/arm/5.4.1/bin/../lib/gcc/arm-none-eabi/5.4.1/armv6-m\libgcc.a(_udivsi3.o)
 .ARM.attributes
                0x000002e0       0x1e c:/program files (x86)/cypress/psoc creator/4.4/psoc creator/import/gnu/arm/5.4.1/bin/../lib/gcc/arm-none-eabi/5.4.1/armv6-m\libgcc.a(_dvmd_tls.o)
 .ARM.attributes
                0x000002fe       0x2c c:/program files (x86)/cypress/psoc creator/4.4/psoc creator/import/gnu/arm/5.4.1/bin/../lib/gcc/arm-none-eabi/5.4.1/../../../../arm-none-eabi/lib/armv6-m\libg_nano.a(lib_a-errno.o)
 .ARM.attributes
                0x0000032a       0x2c c:/program files (x86)/cypress/psoc creator/4.4/psoc creator/import/gnu/arm/5.4.1/bin/../lib/gcc/arm-none-eabi/5.4.1/../../../../arm-none-eabi/lib/armv6-m\libg_nano.a(lib_a-exit.o)
 .ARM.attributes
                0x00000356       0x2c c:/program files (x86)/cypress/psoc creator/4.4/psoc creator/import/gnu/arm/5.4.1/bin/../lib/gcc/arm-none-eabi/5.4.1/../../../../arm-none-eabi/lib/armv6-m\libg_nano.a(lib_a-impure.o)
 .ARM.attributes
                0x00000382       0x2c c:/program files (x86)/cypress/psoc creator/4.4/psoc creator/import/gnu/arm/5.4.1/bin/../lib/gcc/arm-none-eabi/5.4.1/../../../../arm-none-eabi/lib/armv6-m\libg_nano.a(lib_a-init.o)
 .ARM.attributes
                0x000003ae       0x2c c:/program files (x86)/cypress/psoc creator/4.4/psoc creator/import/gnu/arm/5.4.1/bin/../lib/gcc/arm-none-eabi/5.4.1/../../../../arm-none-eabi/lib/armv6-m\libg_nano.a(lib_a-memset.o)
 .ARM.attributes
                0x000003da       0x2c c:/program files (x86)/cypress/psoc creator/4.4/psoc creator/import/gnu/arm/5.4.1/bin/../lib/gcc/arm-none-eabi/5.4.1/armv6-m/crtend.o
 .ARM.attributes
                0x00000406       0x1e c:/program files (x86)/cypress/psoc creator/4.4/psoc creator/import/gnu/arm/5.4.1/bin/../lib/gcc/arm-none-eabi/5.4.1/armv6-m/crtn.o

/DISCARD/
 *(.note.GNU-stack)
OUTPUT(C:\Users\STUDENT\Documents\PSoC Creator\Lab2\Task1.cydsn\CortexM0\ARM_GCC_541\Release\Task1.elf elf32-littlearm)
