Archive member included to satisfy reference by file (symbol)

.\CortexM0\ARM_GCC_541\Release\Task1Lab2UART.a(CyLib.o)
                              .\CortexM0\ARM_GCC_541\Release\cyfitter_cfg.o (CyIntSetVector)
.\CortexM0\ARM_GCC_541\Release\Task1Lab2UART.a(CyLFClk.o)
                              .\CortexM0\ARM_GCC_541\Release\cyfitter_cfg.o (CySysWdtIsr)
.\CortexM0\ARM_GCC_541\Release\Task1Lab2UART.a(LED_Green.o)
                              .\CortexM0\ARM_GCC_541\Release\main.o (LED_Green_Write)
.\CortexM0\ARM_GCC_541\Release\Task1Lab2UART.a(LED_Blue.o)
                              .\CortexM0\ARM_GCC_541\Release\main.o (LED_Blue_Write)
.\CortexM0\ARM_GCC_541\Release\Task1Lab2UART.a(LED_Red.o)
                              .\CortexM0\ARM_GCC_541\Release\main.o (LED_Red_Write)
.\CortexM0\ARM_GCC_541\Release\Task1Lab2UART.a(CyBootAsmGnu.o)
                              .\CortexM0\ARM_GCC_541\Release\Task1Lab2UART.a(CyLib.o) (CyDelayCycles)
c:/program files (x86)/cypress/psoc creator/4.4/psoc creator/import/gnu/arm/5.4.1/bin/../lib/gcc/arm-none-eabi/5.4.1/armv6-m\libgcc.a(_udivsi3.o)
                              .\CortexM0\ARM_GCC_541\Release\Task1Lab2UART.a(CyLib.o) (__aeabi_uidiv)
c:/program files (x86)/cypress/psoc creator/4.4/psoc creator/import/gnu/arm/5.4.1/bin/../lib/gcc/arm-none-eabi/5.4.1/armv6-m\libgcc.a(_dvmd_tls.o)
                              c:/program files (x86)/cypress/psoc creator/4.4/psoc creator/import/gnu/arm/5.4.1/bin/../lib/gcc/arm-none-eabi/5.4.1/armv6-m\libgcc.a(_udivsi3.o) (__aeabi_idiv0)
c:/program files (x86)/cypress/psoc creator/4.4/psoc creator/import/gnu/arm/5.4.1/bin/../lib/gcc/arm-none-eabi/5.4.1/../../../../arm-none-eabi/lib/armv6-m\libg_nano.a(lib_a-errno.o)
                              .\CortexM0\ARM_GCC_541\Release\Cm0Start.o (__errno)
c:/program files (x86)/cypress/psoc creator/4.4/psoc creator/import/gnu/arm/5.4.1/bin/../lib/gcc/arm-none-eabi/5.4.1/../../../../arm-none-eabi/lib/armv6-m\libg_nano.a(lib_a-exit.o)
                              c:/program files (x86)/cypress/psoc creator/4.4/psoc creator/import/gnu/arm/5.4.1/bin/../lib/gcc/arm-none-eabi/5.4.1/../../../../arm-none-eabi/lib/armv6-m/crt0.o (exit)
c:/program files (x86)/cypress/psoc creator/4.4/psoc creator/import/gnu/arm/5.4.1/bin/../lib/gcc/arm-none-eabi/5.4.1/../../../../arm-none-eabi/lib/armv6-m\libg_nano.a(lib_a-impure.o)
                              c:/program files (x86)/cypress/psoc creator/4.4/psoc creator/import/gnu/arm/5.4.1/bin/../lib/gcc/arm-none-eabi/5.4.1/../../../../arm-none-eabi/lib/armv6-m\libg_nano.a(lib_a-exit.o) (_global_impure_ptr)
c:/program files (x86)/cypress/psoc creator/4.4/psoc creator/import/gnu/arm/5.4.1/bin/../lib/gcc/arm-none-eabi/5.4.1/../../../../arm-none-eabi/lib/armv6-m\libg_nano.a(lib_a-init.o)
                              c:/program files (x86)/cypress/psoc creator/4.4/psoc creator/import/gnu/arm/5.4.1/bin/../lib/gcc/arm-none-eabi/5.4.1/../../../../arm-none-eabi/lib/armv6-m/crt0.o (__libc_init_array)
c:/program files (x86)/cypress/psoc creator/4.4/psoc creator/import/gnu/arm/5.4.1/bin/../lib/gcc/arm-none-eabi/5.4.1/../../../../arm-none-eabi/lib/armv6-m\libg_nano.a(lib_a-memset.o)
                              c:/program files (x86)/cypress/psoc creator/4.4/psoc creator/import/gnu/arm/5.4.1/bin/../lib/gcc/arm-none-eabi/5.4.1/../../../../arm-none-eabi/lib/armv6-m/crt0.o (memset)

Discarded input sections

 .text          0x00000000        0x0 c:/program files (x86)/cypress/psoc creator/4.4/psoc creator/import/gnu/arm/5.4.1/bin/../lib/gcc/arm-none-eabi/5.4.1/armv6-m/crti.o
 .data          0x00000000        0x0 c:/program files (x86)/cypress/psoc creator/4.4/psoc creator/import/gnu/arm/5.4.1/bin/../lib/gcc/arm-none-eabi/5.4.1/armv6-m/crti.o
 .bss           0x00000000        0x0 c:/program files (x86)/cypress/psoc creator/4.4/psoc creator/import/gnu/arm/5.4.1/bin/../lib/gcc/arm-none-eabi/5.4.1/armv6-m/crti.o
 .data          0x00000000        0x4 c:/program files (x86)/cypress/psoc creator/4.4/psoc creator/import/gnu/arm/5.4.1/bin/../lib/gcc/arm-none-eabi/5.4.1/armv6-m/crtbegin.o
 .text          0x00000000       0x78 c:/program files (x86)/cypress/psoc creator/4.4/psoc creator/import/gnu/arm/5.4.1/bin/../lib/gcc/arm-none-eabi/5.4.1/../../../../arm-none-eabi/lib/armv6-m/crt0.o
 .data          0x00000000        0x0 c:/program files (x86)/cypress/psoc creator/4.4/psoc creator/import/gnu/arm/5.4.1/bin/../lib/gcc/arm-none-eabi/5.4.1/../../../../arm-none-eabi/lib/armv6-m/crt0.o
 .bss           0x00000000        0x0 c:/program files (x86)/cypress/psoc creator/4.4/psoc creator/import/gnu/arm/5.4.1/bin/../lib/gcc/arm-none-eabi/5.4.1/../../../../arm-none-eabi/lib/armv6-m/crt0.o
 .ARM.extab     0x00000000        0x0 c:/program files (x86)/cypress/psoc creator/4.4/psoc creator/import/gnu/arm/5.4.1/bin/../lib/gcc/arm-none-eabi/5.4.1/../../../../arm-none-eabi/lib/armv6-m/crt0.o
 .ARM.exidx     0x00000000        0x8 c:/program files (x86)/cypress/psoc creator/4.4/psoc creator/import/gnu/arm/5.4.1/bin/../lib/gcc/arm-none-eabi/5.4.1/../../../../arm-none-eabi/lib/armv6-m/crt0.o
 .text          0x00000000        0x0 .\CortexM0\ARM_GCC_541\Release\main.o
 .data          0x00000000        0x0 .\CortexM0\ARM_GCC_541\Release\main.o
 .bss           0x00000000        0x0 .\CortexM0\ARM_GCC_541\Release\main.o
 .text          0x00000000        0x0 .\CortexM0\ARM_GCC_541\Release\cyfitter_cfg.o
 .data          0x00000000        0x0 .\CortexM0\ARM_GCC_541\Release\cyfitter_cfg.o
 .bss           0x00000000        0x0 .\CortexM0\ARM_GCC_541\Release\cyfitter_cfg.o
 .text          0x00000000        0x0 .\CortexM0\ARM_GCC_541\Release\cymetadata.o
 .data          0x00000000        0x0 .\CortexM0\ARM_GCC_541\Release\cymetadata.o
 .bss           0x00000000        0x0 .\CortexM0\ARM_GCC_541\Release\cymetadata.o
 .text          0x00000000        0x0 .\CortexM0\ARM_GCC_541\Release\Cm0Start.o
 .data          0x00000000        0x4 .\CortexM0\ARM_GCC_541\Release\Cm0Start.o
 .bss           0x00000000        0x0 .\CortexM0\ARM_GCC_541\Release\Cm0Start.o
 .text._exit    0x00000000        0xa .\CortexM0\ARM_GCC_541\Release\Cm0Start.o
 .text._sbrk    0x00000000       0x2c .\CortexM0\ARM_GCC_541\Release\Cm0Start.o
 .text          0x00000000        0x0 .\CortexM0\ARM_GCC_541\Release\Task1Lab2UART.a(CyLib.o)
 .bss           0x00000000       0x18 .\CortexM0\ARM_GCC_541\Release\Task1Lab2UART.a(CyLib.o)
 .text.CySysClkImoStart
                0x00000000       0x14 .\CortexM0\ARM_GCC_541\Release\Task1Lab2UART.a(CyLib.o)
 .text.CySysClkImoStop
                0x00000000       0x10 .\CortexM0\ARM_GCC_541\Release\Task1Lab2UART.a(CyLib.o)
 .text.CySysClkWriteHfclkDirect
                0x00000000       0x20 .\CortexM0\ARM_GCC_541\Release\Task1Lab2UART.a(CyLib.o)
 .text.CySysEnablePumpClock
                0x00000000       0x34 .\CortexM0\ARM_GCC_541\Release\Task1Lab2UART.a(CyLib.o)
 .text.CySysClkGetSysclkSource
                0x00000000       0x18 .\CortexM0\ARM_GCC_541\Release\Task1Lab2UART.a(CyLib.o)
 .text.CySysClkWriteSysclkDiv
                0x00000000       0x2c .\CortexM0\ARM_GCC_541\Release\Task1Lab2UART.a(CyLib.o)
 .text.CySysLvdDisable
                0x00000000       0x20 .\CortexM0\ARM_GCC_541\Release\Task1Lab2UART.a(CyLib.o)
 .text.CySysLvdGetInterruptSource
                0x00000000       0x10 .\CortexM0\ARM_GCC_541\Release\Task1Lab2UART.a(CyLib.o)
 .text.CySysLvdClearInterrupt
                0x00000000        0xc .\CortexM0\ARM_GCC_541\Release\Task1Lab2UART.a(CyLib.o)
 .text.CySysGetResetReason
                0x00000000       0x14 .\CortexM0\ARM_GCC_541\Release\Task1Lab2UART.a(CyLib.o)
 .text.CyDisableInts
                0x00000000       0x10 .\CortexM0\ARM_GCC_541\Release\Task1Lab2UART.a(CyLib.o)
 .text.CyEnableInts
                0x00000000        0xc .\CortexM0\ARM_GCC_541\Release\Task1Lab2UART.a(CyLib.o)
 .text.CyIntSetSysVector
                0x00000000        0xe .\CortexM0\ARM_GCC_541\Release\Task1Lab2UART.a(CyLib.o)
 .text.CyIntGetSysVector
                0x00000000        0xc .\CortexM0\ARM_GCC_541\Release\Task1Lab2UART.a(CyLib.o)
 .text.CyIntGetVector
                0x00000000       0x10 .\CortexM0\ARM_GCC_541\Release\Task1Lab2UART.a(CyLib.o)
 .text.CyIntSetPriority
                0x00000000       0x34 .\CortexM0\ARM_GCC_541\Release\Task1Lab2UART.a(CyLib.o)
 .text.CyIntGetPriority
                0x00000000       0x20 .\CortexM0\ARM_GCC_541\Release\Task1Lab2UART.a(CyLib.o)
 .text.CyIntGetState
                0x00000000       0x18 .\CortexM0\ARM_GCC_541\Release\Task1Lab2UART.a(CyLib.o)
 .text.CyIntDisable
                0x00000000       0x14 .\CortexM0\ARM_GCC_541\Release\Task1Lab2UART.a(CyLib.o)
 .text.CyIntSetPending
                0x00000000       0x14 .\CortexM0\ARM_GCC_541\Release\Task1Lab2UART.a(CyLib.o)
 .text.CyIntClearPending
                0x00000000       0x14 .\CortexM0\ARM_GCC_541\Release\Task1Lab2UART.a(CyLib.o)
 .text.CyHalt   0x00000000        0x4 .\CortexM0\ARM_GCC_541\Release\Task1Lab2UART.a(CyLib.o)
 .text.CySoftwareReset
                0x00000000       0x18 .\CortexM0\ARM_GCC_541\Release\Task1Lab2UART.a(CyLib.o)
 .text.CySysLvdEnable
                0x00000000       0x44 .\CortexM0\ARM_GCC_541\Release\Task1Lab2UART.a(CyLib.o)
 .text.CyDelayFreq
                0x00000000       0x48 .\CortexM0\ARM_GCC_541\Release\Task1Lab2UART.a(CyLib.o)
 .text.CySysTickInit
                0x00000000       0x44 .\CortexM0\ARM_GCC_541\Release\Task1Lab2UART.a(CyLib.o)
 .text.CySysTickStop
                0x00000000       0x10 .\CortexM0\ARM_GCC_541\Release\Task1Lab2UART.a(CyLib.o)
 .text.CySysTickEnableInterrupt
                0x00000000       0x10 .\CortexM0\ARM_GCC_541\Release\Task1Lab2UART.a(CyLib.o)
 .text.CySysTickEnable
                0x00000000       0x18 .\CortexM0\ARM_GCC_541\Release\Task1Lab2UART.a(CyLib.o)
 .text.CySysTickStart
                0x00000000       0x1c .\CortexM0\ARM_GCC_541\Release\Task1Lab2UART.a(CyLib.o)
 .text.CySysTickDisableInterrupt
                0x00000000       0x10 .\CortexM0\ARM_GCC_541\Release\Task1Lab2UART.a(CyLib.o)
 .text.CySysTickSetReload
                0x00000000       0x10 .\CortexM0\ARM_GCC_541\Release\Task1Lab2UART.a(CyLib.o)
 .text.CySysTickGetReload
                0x00000000       0x10 .\CortexM0\ARM_GCC_541\Release\Task1Lab2UART.a(CyLib.o)
 .text.CySysTickGetValue
                0x00000000       0x10 .\CortexM0\ARM_GCC_541\Release\Task1Lab2UART.a(CyLib.o)
 .text.CySysTickGetCountFlag
                0x00000000       0x10 .\CortexM0\ARM_GCC_541\Release\Task1Lab2UART.a(CyLib.o)
 .text.CySysTickServiceCallbacks
                0x00000000       0x24 .\CortexM0\ARM_GCC_541\Release\Task1Lab2UART.a(CyLib.o)
 .text.CySysTickClear
                0x00000000        0xc .\CortexM0\ARM_GCC_541\Release\Task1Lab2UART.a(CyLib.o)
 .text.CySysTickSetCallback
                0x00000000       0x10 .\CortexM0\ARM_GCC_541\Release\Task1Lab2UART.a(CyLib.o)
 .text.CySysTickGetCallback
                0x00000000        0xc .\CortexM0\ARM_GCC_541\Release\Task1Lab2UART.a(CyLib.o)
 .text.CyGetUniqueId
                0x00000000       0x74 .\CortexM0\ARM_GCC_541\Release\Task1Lab2UART.a(CyLib.o)
 .text          0x00000000        0x0 .\CortexM0\ARM_GCC_541\Release\Task1Lab2UART.a(CyLFClk.o)
 .text.CySysClkIloStart
                0x00000000       0x14 .\CortexM0\ARM_GCC_541\Release\Task1Lab2UART.a(CyLFClk.o)
 .text.CySysClkIloStartMeasurement
                0x00000000       0x34 .\CortexM0\ARM_GCC_541\Release\Task1Lab2UART.a(CyLFClk.o)
 .text.CySysClkIloStopMeasurement
                0x00000000       0x14 .\CortexM0\ARM_GCC_541\Release\Task1Lab2UART.a(CyLFClk.o)
 .text.CySysClkIloCompensate
                0x00000000       0xe8 .\CortexM0\ARM_GCC_541\Release\Task1Lab2UART.a(CyLFClk.o)
 .text.CySysWdtGetEnabledStatus
                0x00000000       0x18 .\CortexM0\ARM_GCC_541\Release\Task1Lab2UART.a(CyLFClk.o)
 .text.CySysWdtSetMode
                0x00000000       0x2c .\CortexM0\ARM_GCC_541\Release\Task1Lab2UART.a(CyLFClk.o)
 .text.CySysWdtGetMode
                0x00000000       0x14 .\CortexM0\ARM_GCC_541\Release\Task1Lab2UART.a(CyLFClk.o)
 .text.CySysWdtSetClearOnMatch
                0x00000000       0x2c .\CortexM0\ARM_GCC_541\Release\Task1Lab2UART.a(CyLFClk.o)
 .text.CySysWdtGetClearOnMatch
                0x00000000       0x18 .\CortexM0\ARM_GCC_541\Release\Task1Lab2UART.a(CyLFClk.o)
 .text.CySysWdtEnable
                0x00000000       0x40 .\CortexM0\ARM_GCC_541\Release\Task1Lab2UART.a(CyLFClk.o)
 .text.CySysWdtDisable
                0x00000000       0x48 .\CortexM0\ARM_GCC_541\Release\Task1Lab2UART.a(CyLFClk.o)
 .text.CySysWdtSetCascade
                0x00000000       0x34 .\CortexM0\ARM_GCC_541\Release\Task1Lab2UART.a(CyLFClk.o)
 .text.CySysWdtGetCascade
                0x00000000       0x14 .\CortexM0\ARM_GCC_541\Release\Task1Lab2UART.a(CyLFClk.o)
 .text.CySysWdtSetMatch
                0x00000000       0x30 .\CortexM0\ARM_GCC_541\Release\Task1Lab2UART.a(CyLFClk.o)
 .text.CySysWdtSetToggleBit
                0x00000000       0x2c .\CortexM0\ARM_GCC_541\Release\Task1Lab2UART.a(CyLFClk.o)
 .text.CySysWdtGetToggleBit
                0x00000000       0x10 .\CortexM0\ARM_GCC_541\Release\Task1Lab2UART.a(CyLFClk.o)
 .text.CySysWdtGetMatch
                0x00000000       0x14 .\CortexM0\ARM_GCC_541\Release\Task1Lab2UART.a(CyLFClk.o)
 .text.CySysWdtGetCount
                0x00000000       0x30 .\CortexM0\ARM_GCC_541\Release\Task1Lab2UART.a(CyLFClk.o)
 .text.CySysClkIloStop
                0x00000000       0xb8 .\CortexM0\ARM_GCC_541\Release\Task1Lab2UART.a(CyLFClk.o)
 .text.CySysWdtGetInterruptSource
                0x00000000       0x14 .\CortexM0\ARM_GCC_541\Release\Task1Lab2UART.a(CyLFClk.o)
 .text.CySysWdtResetCounters
                0x00000000       0x1c .\CortexM0\ARM_GCC_541\Release\Task1Lab2UART.a(CyLFClk.o)
 .text.CySysWdtSetInterruptCallback
                0x00000000       0x18 .\CortexM0\ARM_GCC_541\Release\Task1Lab2UART.a(CyLFClk.o)
 .text.CySysWdtGetInterruptCallback
                0x00000000       0x18 .\CortexM0\ARM_GCC_541\Release\Task1Lab2UART.a(CyLFClk.o)
 .text.CySysWdtEnableCounterIsr
                0x00000000       0x28 .\CortexM0\ARM_GCC_541\Release\Task1Lab2UART.a(CyLFClk.o)
 .text.CySysWdtDisableCounterIsr
                0x00000000       0x1c .\CortexM0\ARM_GCC_541\Release\Task1Lab2UART.a(CyLFClk.o)
 .text.CySysWatchdogFeed
                0x00000000       0x4e .\CortexM0\ARM_GCC_541\Release\Task1Lab2UART.a(CyLFClk.o)
 .text.CySysTimerDelayUntilMatch
                0x00000000       0x64 .\CortexM0\ARM_GCC_541\Release\Task1Lab2UART.a(CyLFClk.o)
 .text.CySysTimerDelay
                0x00000000       0x34 .\CortexM0\ARM_GCC_541\Release\Task1Lab2UART.a(CyLFClk.o)
 .rodata        0x00000000        0xc .\CortexM0\ARM_GCC_541\Release\Task1Lab2UART.a(CyLFClk.o)
 .text          0x00000000        0x0 .\CortexM0\ARM_GCC_541\Release\Task1Lab2UART.a(LED_Green.o)
 .data          0x00000000        0x0 .\CortexM0\ARM_GCC_541\Release\Task1Lab2UART.a(LED_Green.o)
 .bss           0x00000000        0x0 .\CortexM0\ARM_GCC_541\Release\Task1Lab2UART.a(LED_Green.o)
 .text.LED_Green_SetDriveMode
                0x00000000       0x18 .\CortexM0\ARM_GCC_541\Release\Task1Lab2UART.a(LED_Green.o)
 .text.LED_Green_Read
                0x00000000       0x10 .\CortexM0\ARM_GCC_541\Release\Task1Lab2UART.a(LED_Green.o)
 .text.LED_Green_ReadDataReg
                0x00000000       0x10 .\CortexM0\ARM_GCC_541\Release\Task1Lab2UART.a(LED_Green.o)
 .text.LED_Green_SetInterruptMode
                0x00000000       0x14 .\CortexM0\ARM_GCC_541\Release\Task1Lab2UART.a(LED_Green.o)
 .text.LED_Green_ClearInterrupt
                0x00000000       0x14 .\CortexM0\ARM_GCC_541\Release\Task1Lab2UART.a(LED_Green.o)
 .text          0x00000000        0x0 .\CortexM0\ARM_GCC_541\Release\Task1Lab2UART.a(LED_Blue.o)
 .data          0x00000000        0x0 .\CortexM0\ARM_GCC_541\Release\Task1Lab2UART.a(LED_Blue.o)
 .bss           0x00000000        0x0 .\CortexM0\ARM_GCC_541\Release\Task1Lab2UART.a(LED_Blue.o)
 .text.LED_Blue_SetDriveMode
                0x00000000       0x18 .\CortexM0\ARM_GCC_541\Release\Task1Lab2UART.a(LED_Blue.o)
 .text.LED_Blue_Read
                0x00000000       0x10 .\CortexM0\ARM_GCC_541\Release\Task1Lab2UART.a(LED_Blue.o)
 .text.LED_Blue_ReadDataReg
                0x00000000       0x10 .\CortexM0\ARM_GCC_541\Release\Task1Lab2UART.a(LED_Blue.o)
 .text.LED_Blue_SetInterruptMode
                0x00000000       0x14 .\CortexM0\ARM_GCC_541\Release\Task1Lab2UART.a(LED_Blue.o)
 .text.LED_Blue_ClearInterrupt
                0x00000000       0x14 .\CortexM0\ARM_GCC_541\Release\Task1Lab2UART.a(LED_Blue.o)
 .text          0x00000000        0x0 .\CortexM0\ARM_GCC_541\Release\Task1Lab2UART.a(LED_Red.o)
 .data          0x00000000        0x0 .\CortexM0\ARM_GCC_541\Release\Task1Lab2UART.a(LED_Red.o)
 .bss           0x00000000        0x0 .\CortexM0\ARM_GCC_541\Release\Task1Lab2UART.a(LED_Red.o)
 .text.LED_Red_SetDriveMode
                0x00000000       0x18 .\CortexM0\ARM_GCC_541\Release\Task1Lab2UART.a(LED_Red.o)
 .text.LED_Red_Read
                0x00000000       0x10 .\CortexM0\ARM_GCC_541\Release\Task1Lab2UART.a(LED_Red.o)
 .text.LED_Red_ReadDataReg
                0x00000000       0x10 .\CortexM0\ARM_GCC_541\Release\Task1Lab2UART.a(LED_Red.o)
 .text.LED_Red_SetInterruptMode
                0x00000000       0x14 .\CortexM0\ARM_GCC_541\Release\Task1Lab2UART.a(LED_Red.o)
 .text.LED_Red_ClearInterrupt
                0x00000000       0x14 .\CortexM0\ARM_GCC_541\Release\Task1Lab2UART.a(LED_Red.o)
 .data          0x00000000        0x0 .\CortexM0\ARM_GCC_541\Release\Task1Lab2UART.a(CyBootAsmGnu.o)
 .bss           0x00000000        0x0 .\CortexM0\ARM_GCC_541\Release\Task1Lab2UART.a(CyBootAsmGnu.o)
 .text          0x00000000      0x114 c:/program files (x86)/cypress/psoc creator/4.4/psoc creator/import/gnu/arm/5.4.1/bin/../lib/gcc/arm-none-eabi/5.4.1/armv6-m\libgcc.a(_udivsi3.o)
 .data          0x00000000        0x0 c:/program files (x86)/cypress/psoc creator/4.4/psoc creator/import/gnu/arm/5.4.1/bin/../lib/gcc/arm-none-eabi/5.4.1/armv6-m\libgcc.a(_udivsi3.o)
 .bss           0x00000000        0x0 c:/program files (x86)/cypress/psoc creator/4.4/psoc creator/import/gnu/arm/5.4.1/bin/../lib/gcc/arm-none-eabi/5.4.1/armv6-m\libgcc.a(_udivsi3.o)
 .text          0x00000000        0x4 c:/program files (x86)/cypress/psoc creator/4.4/psoc creator/import/gnu/arm/5.4.1/bin/../lib/gcc/arm-none-eabi/5.4.1/armv6-m\libgcc.a(_dvmd_tls.o)
 .data          0x00000000        0x0 c:/program files (x86)/cypress/psoc creator/4.4/psoc creator/import/gnu/arm/5.4.1/bin/../lib/gcc/arm-none-eabi/5.4.1/armv6-m\libgcc.a(_dvmd_tls.o)
 .bss           0x00000000        0x0 c:/program files (x86)/cypress/psoc creator/4.4/psoc creator/import/gnu/arm/5.4.1/bin/../lib/gcc/arm-none-eabi/5.4.1/armv6-m\libgcc.a(_dvmd_tls.o)
 .text          0x00000000        0x0 c:/program files (x86)/cypress/psoc creator/4.4/psoc creator/import/gnu/arm/5.4.1/bin/../lib/gcc/arm-none-eabi/5.4.1/../../../../arm-none-eabi/lib/armv6-m\libg_nano.a(lib_a-errno.o)
 .data          0x00000000        0x0 c:/program files (x86)/cypress/psoc creator/4.4/psoc creator/import/gnu/arm/5.4.1/bin/../lib/gcc/arm-none-eabi/5.4.1/../../../../arm-none-eabi/lib/armv6-m\libg_nano.a(lib_a-errno.o)
 .bss           0x00000000        0x0 c:/program files (x86)/cypress/psoc creator/4.4/psoc creator/import/gnu/arm/5.4.1/bin/../lib/gcc/arm-none-eabi/5.4.1/../../../../arm-none-eabi/lib/armv6-m\libg_nano.a(lib_a-errno.o)
 .text          0x00000000        0x0 c:/program files (x86)/cypress/psoc creator/4.4/psoc creator/import/gnu/arm/5.4.1/bin/../lib/gcc/arm-none-eabi/5.4.1/../../../../arm-none-eabi/lib/armv6-m\libg_nano.a(lib_a-exit.o)
 .data          0x00000000        0x0 c:/program files (x86)/cypress/psoc creator/4.4/psoc creator/import/gnu/arm/5.4.1/bin/../lib/gcc/arm-none-eabi/5.4.1/../../../../arm-none-eabi/lib/armv6-m\libg_nano.a(lib_a-exit.o)
 .bss           0x00000000        0x0 c:/program files (x86)/cypress/psoc creator/4.4/psoc creator/import/gnu/arm/5.4.1/bin/../lib/gcc/arm-none-eabi/5.4.1/../../../../arm-none-eabi/lib/armv6-m\libg_nano.a(lib_a-exit.o)
 .text.exit     0x00000000       0x2c c:/program files (x86)/cypress/psoc creator/4.4/psoc creator/import/gnu/arm/5.4.1/bin/../lib/gcc/arm-none-eabi/5.4.1/../../../../arm-none-eabi/lib/armv6-m\libg_nano.a(lib_a-exit.o)
 .text          0x00000000        0x0 c:/program files (x86)/cypress/psoc creator/4.4/psoc creator/import/gnu/arm/5.4.1/bin/../lib/gcc/arm-none-eabi/5.4.1/../../../../arm-none-eabi/lib/armv6-m\libg_nano.a(lib_a-impure.o)
 .data          0x00000000        0x0 c:/program files (x86)/cypress/psoc creator/4.4/psoc creator/import/gnu/arm/5.4.1/bin/../lib/gcc/arm-none-eabi/5.4.1/../../../../arm-none-eabi/lib/armv6-m\libg_nano.a(lib_a-impure.o)
 .bss           0x00000000        0x0 c:/program files (x86)/cypress/psoc creator/4.4/psoc creator/import/gnu/arm/5.4.1/bin/../lib/gcc/arm-none-eabi/5.4.1/../../../../arm-none-eabi/lib/armv6-m\libg_nano.a(lib_a-impure.o)
 .rodata._global_impure_ptr
                0x00000000        0x4 c:/program files (x86)/cypress/psoc creator/4.4/psoc creator/import/gnu/arm/5.4.1/bin/../lib/gcc/arm-none-eabi/5.4.1/../../../../arm-none-eabi/lib/armv6-m\libg_nano.a(lib_a-impure.o)
 .text          0x00000000        0x0 c:/program files (x86)/cypress/psoc creator/4.4/psoc creator/import/gnu/arm/5.4.1/bin/../lib/gcc/arm-none-eabi/5.4.1/../../../../arm-none-eabi/lib/armv6-m\libg_nano.a(lib_a-init.o)
 .data          0x00000000        0x0 c:/program files (x86)/cypress/psoc creator/4.4/psoc creator/import/gnu/arm/5.4.1/bin/../lib/gcc/arm-none-eabi/5.4.1/../../../../arm-none-eabi/lib/armv6-m\libg_nano.a(lib_a-init.o)
 .bss           0x00000000        0x0 c:/program files (x86)/cypress/psoc creator/4.4/psoc creator/import/gnu/arm/5.4.1/bin/../lib/gcc/arm-none-eabi/5.4.1/../../../../arm-none-eabi/lib/armv6-m\libg_nano.a(lib_a-init.o)
 .text          0x00000000        0x0 c:/program files (x86)/cypress/psoc creator/4.4/psoc creator/import/gnu/arm/5.4.1/bin/../lib/gcc/arm-none-eabi/5.4.1/../../../../arm-none-eabi/lib/armv6-m\libg_nano.a(lib_a-memset.o)
 .data          0x00000000        0x0 c:/program files (x86)/cypress/psoc creator/4.4/psoc creator/import/gnu/arm/5.4.1/bin/../lib/gcc/arm-none-eabi/5.4.1/../../../../arm-none-eabi/lib/armv6-m\libg_nano.a(lib_a-memset.o)
 .bss           0x00000000        0x0 c:/program files (x86)/cypress/psoc creator/4.4/psoc creator/import/gnu/arm/5.4.1/bin/../lib/gcc/arm-none-eabi/5.4.1/../../../../arm-none-eabi/lib/armv6-m\libg_nano.a(lib_a-memset.o)
 .text          0x00000000        0x0 c:/program files (x86)/cypress/psoc creator/4.4/psoc creator/import/gnu/arm/5.4.1/bin/../lib/gcc/arm-none-eabi/5.4.1/armv6-m/crtend.o
 .data          0x00000000        0x0 c:/program files (x86)/cypress/psoc creator/4.4/psoc creator/import/gnu/arm/5.4.1/bin/../lib/gcc/arm-none-eabi/5.4.1/armv6-m/crtend.o
 .bss           0x00000000        0x0 c:/program files (x86)/cypress/psoc creator/4.4/psoc creator/import/gnu/arm/5.4.1/bin/../lib/gcc/arm-none-eabi/5.4.1/armv6-m/crtend.o
 .text          0x00000000        0x0 c:/program files (x86)/cypress/psoc creator/4.4/psoc creator/import/gnu/arm/5.4.1/bin/../lib/gcc/arm-none-eabi/5.4.1/armv6-m/crtn.o
 .data          0x00000000        0x0 c:/program files (x86)/cypress/psoc creator/4.4/psoc creator/import/gnu/arm/5.4.1/bin/../lib/gcc/arm-none-eabi/5.4.1/armv6-m/crtn.o
 .bss           0x00000000        0x0 c:/program files (x86)/cypress/psoc creator/4.4/psoc creator/import/gnu/arm/5.4.1/bin/../lib/gcc/arm-none-eabi/5.4.1/armv6-m/crtn.o

Memory Configuration

Name             Origin             Length             Attributes
rom              0x00000000         0x00008000         xr
ram              0x20000000         0x00001000         xrw
*default*        0x00000000         0xffffffff

Linker script and memory map

LOAD c:/program files (x86)/cypress/psoc creator/4.4/psoc creator/import/gnu/arm/5.4.1/bin/../lib/gcc/arm-none-eabi/5.4.1/armv6-m/crti.o
LOAD c:/program files (x86)/cypress/psoc creator/4.4/psoc creator/import/gnu/arm/5.4.1/bin/../lib/gcc/arm-none-eabi/5.4.1/armv6-m/crtbegin.o
LOAD c:/program files (x86)/cypress/psoc creator/4.4/psoc creator/import/gnu/arm/5.4.1/bin/../lib/gcc/arm-none-eabi/5.4.1/../../../../arm-none-eabi/lib/armv6-m/crt0.o
START GROUP
LOAD .\CortexM0\ARM_GCC_541\Release\main.o
LOAD .\CortexM0\ARM_GCC_541\Release\cyfitter_cfg.o
LOAD .\CortexM0\ARM_GCC_541\Release\cymetadata.o
LOAD .\CortexM0\ARM_GCC_541\Release\Cm0Start.o
LOAD .\CortexM0\ARM_GCC_541\Release\Task1Lab2UART.a
END GROUP
START GROUP
LOAD c:/program files (x86)/cypress/psoc creator/4.4/psoc creator/import/gnu/arm/5.4.1/bin/../lib/gcc/arm-none-eabi/5.4.1/armv6-m\libgcc.a
LOAD c:/program files (x86)/cypress/psoc creator/4.4/psoc creator/import/gnu/arm/5.4.1/bin/../lib/gcc/arm-none-eabi/5.4.1/../../../../arm-none-eabi/lib/armv6-m\libg_nano.a
LOAD c:/program files (x86)/cypress/psoc creator/4.4/psoc creator/import/gnu/arm/5.4.1/bin/../lib/gcc/arm-none-eabi/5.4.1/../../../../arm-none-eabi/lib/armv6-m\libc_nano.a
END GROUP
START GROUP
LOAD c:/program files (x86)/cypress/psoc creator/4.4/psoc creator/import/gnu/arm/5.4.1/bin/../lib/gcc/arm-none-eabi/5.4.1/armv6-m\libgcc.a
LOAD c:/program files (x86)/cypress/psoc creator/4.4/psoc creator/import/gnu/arm/5.4.1/bin/../lib/gcc/arm-none-eabi/5.4.1/../../../../arm-none-eabi/lib/armv6-m\libc_nano.a
END GROUP
LOAD c:/program files (x86)/cypress/psoc creator/4.4/psoc creator/import/gnu/arm/5.4.1/bin/../lib/gcc/arm-none-eabi/5.4.1/armv6-m/crtend.o
LOAD c:/program files (x86)/cypress/psoc creator/4.4/psoc creator/import/gnu/arm/5.4.1/bin/../lib/gcc/arm-none-eabi/5.4.1/armv6-m/crtn.o
START GROUP
LOAD c:/program files (x86)/cypress/psoc creator/4.4/psoc creator/import/gnu/arm/5.4.1/bin/../lib/gcc/arm-none-eabi/5.4.1/armv6-m\libgcc.a
LOAD c:/program files (x86)/cypress/psoc creator/4.4/psoc creator/import/gnu/arm/5.4.1/bin/../lib/gcc/arm-none-eabi/5.4.1/../../../../arm-none-eabi/lib/armv6-m\libc.a
LOAD c:/program files (x86)/cypress/psoc creator/4.4/psoc creator/import/gnu/arm/5.4.1/bin/../lib/gcc/arm-none-eabi/5.4.1/../../../../arm-none-eabi/lib/armv6-m\libnosys.a
END GROUP
                0x00000000                CY_APPL_ORIGIN = 0x0
                0x00000080                CY_FLASH_ROW_SIZE = 0x80
                0x00000001                CY_APPL_NUM = 0x1
                0x00000001                CY_APPL_MAX = 0x1
                0x00000040                CY_METADATA_SIZE = 0x40
                0x00000000                CY_APPL_LOADABLE = 0x0
                0x00000000                CY_CHECKSUM_EXCLUDE_SIZE = ALIGN (0x0, CY_FLASH_ROW_SIZE)
                0x00000000                CY_APP_FOR_STACK_AND_COPIER = 0x0
                [!provide]                PROVIDE (__cy_heap_start, _end)
                0x00000001                PROVIDE (__cy_region_num, ((__cy_regions_end - __cy_regions) / 0x10))
                0x20001000                PROVIDE (__cy_stack, (ORIGIN (ram) + LENGTH (ram)))
                [!provide]                PROVIDE (__cy_heap_end, (__cy_stack - 0x400))

.cybootloader   0x00000000        0x0
 *(.cybootloader)
                0x00000000                appl1_start = CY_APPL_ORIGIN?CY_APPL_ORIGIN:ALIGN (CY_FLASH_ROW_SIZE)
                0x00003f80                appl2_start = (appl1_start + ALIGN ((((LENGTH (rom) - appl1_start) - (0x2 * CY_FLASH_ROW_SIZE)) / 0x2), CY_FLASH_ROW_SIZE))
                0x00000000                appl_start = (CY_APPL_NUM == 0x1)?appl1_start:appl2_start
                0x00000001                cy_project_type_bootloader = (appl_start == 0x0)?0x1:0x0
                0x00000000                cy_project_type_app_for_stack_and_copier = (CY_APP_FOR_STACK_AND_COPIER == 0x1)?0x1:0x0

.text           0x00000000      0x604
 CREATE_OBJECT_SYMBOLS
                0x00000000                PROVIDE (__cy_interrupt_vector, RomVectors)
 *(.romvectors)
 .romvectors    0x00000000       0x10 .\CortexM0\ARM_GCC_541\Release\Cm0Start.o
                0x00000000                RomVectors
                0x00000001                ASSERT ((. != __cy_interrupt_vector), No interrupt vector)
                0x00000001                ASSERT (CY_APPL_ORIGIN?(SIZEOF (.cybootloader) <= CY_APPL_ORIGIN):0x1, Wrong image location)
                0x00000010                PROVIDE (__cy_reset, Reset)
 *(.text.Reset)
 .text.Reset    0x00000010        0x6 .\CortexM0\ARM_GCC_541\Release\Cm0Start.o
                0x00000010                Reset
                0x00000001                ASSERT ((. != __cy_reset), No reset code)
 *(.psocinit)
 *fill*         0x00000016        0x2 
 .psocinit      0x00000018      0x100 .\CortexM0\ARM_GCC_541\Release\cyfitter_cfg.o
                0x00000018                cyfitter_cfg
                0x00000118                . = MAX (., 0x100)
 *(.text .text.* .gnu.linkonce.t.*)
 .text          0x00000118       0x60 c:/program files (x86)/cypress/psoc creator/4.4/psoc creator/import/gnu/arm/5.4.1/bin/../lib/gcc/arm-none-eabi/5.4.1/armv6-m/crtbegin.o
 .text.startup.main
                0x00000178       0x56 .\CortexM0\ARM_GCC_541\Release\main.o
                0x00000178                main
 .text.IntDefaultHandler
                0x000001ce       0x10 .\CortexM0\ARM_GCC_541\Release\Cm0Start.o
                0x000001ce                IntDefaultHandler
 *fill*         0x000001de        0x2 
 .text.Start_c  0x000001e0       0x4c .\CortexM0\ARM_GCC_541\Release\Cm0Start.o
                0x000001e0                Start_c
 .text.startup.initialize_psoc
                0x0000022c       0x3c .\CortexM0\ARM_GCC_541\Release\Cm0Start.o
                0x0000022c                initialize_psoc
 .text.CyIntSetVector
                0x00000268       0x10 .\CortexM0\ARM_GCC_541\Release\Task1Lab2UART.a(CyLib.o)
                0x00000268                CyIntSetVector
 .text.CyIntEnable
                0x00000278       0x14 .\CortexM0\ARM_GCC_541\Release\Task1Lab2UART.a(CyLib.o)
                0x00000278                CyIntEnable
 .text.CyDelay  0x0000028c       0x2c .\CortexM0\ARM_GCC_541\Release\Task1Lab2UART.a(CyLib.o)
                0x0000028c                CyDelay
 .text.CyDelayUs
                0x000002b8       0x14 .\CortexM0\ARM_GCC_541\Release\Task1Lab2UART.a(CyLib.o)
                0x000002b8                CyDelayUs
 .text.CySysClkWriteImoFreq
                0x000002cc      0x124 .\CortexM0\ARM_GCC_541\Release\Task1Lab2UART.a(CyLib.o)
                0x000002cc                CySysClkWriteImoFreq
 .text.CySysWdtLock
                0x000003f0       0x1c .\CortexM0\ARM_GCC_541\Release\Task1Lab2UART.a(CyLFClk.o)
                0x000003f0                CySysWdtLock
 .text.CySysWdtUnlock
                0x0000040c       0x30 .\CortexM0\ARM_GCC_541\Release\Task1Lab2UART.a(CyLFClk.o)
                0x0000040c                CySysWdtUnlock
 .text.CySysWdtClearInterrupt
                0x0000043c       0x54 .\CortexM0\ARM_GCC_541\Release\Task1Lab2UART.a(CyLFClk.o)
                0x0000043c                CySysWdtClearInterrupt
 .text.CySysWdtIsr
                0x00000490       0xa0 .\CortexM0\ARM_GCC_541\Release\Task1Lab2UART.a(CyLFClk.o)
                0x00000490                CySysWdtIsr
 .text.LED_Green_Write
                0x00000530       0x18 .\CortexM0\ARM_GCC_541\Release\Task1Lab2UART.a(LED_Green.o)
                0x00000530                LED_Green_Write
 .text.LED_Blue_Write
                0x00000548       0x18 .\CortexM0\ARM_GCC_541\Release\Task1Lab2UART.a(LED_Blue.o)
                0x00000548                LED_Blue_Write
 .text.LED_Red_Write
                0x00000560       0x18 .\CortexM0\ARM_GCC_541\Release\Task1Lab2UART.a(LED_Red.o)
                0x00000560                LED_Red_Write
 .text          0x00000578       0x24 .\CortexM0\ARM_GCC_541\Release\Task1Lab2UART.a(CyBootAsmGnu.o)
                0x00000578                CyDelayCycles
                0x0000058c                CyEnterCriticalSection
                0x00000594                CyExitCriticalSection
 .text.__errno  0x0000059c        0xc c:/program files (x86)/cypress/psoc creator/4.4/psoc creator/import/gnu/arm/5.4.1/bin/../lib/gcc/arm-none-eabi/5.4.1/../../../../arm-none-eabi/lib/armv6-m\libg_nano.a(lib_a-errno.o)
                0x0000059c                __errno
 .text.__libc_init_array
                0x000005a8       0x4c c:/program files (x86)/cypress/psoc creator/4.4/psoc creator/import/gnu/arm/5.4.1/bin/../lib/gcc/arm-none-eabi/5.4.1/../../../../arm-none-eabi/lib/armv6-m\libg_nano.a(lib_a-init.o)
                0x000005a8                __libc_init_array
 .text.memset   0x000005f4       0x10 c:/program files (x86)/cypress/psoc creator/4.4/psoc creator/import/gnu/arm/5.4.1/bin/../lib/gcc/arm-none-eabi/5.4.1/../../../../arm-none-eabi/lib/armv6-m\libg_nano.a(lib_a-memset.o)
                0x000005f4                memset
 *(.plt)
 *(.gnu.warning)
 *(.glue_7t)
 .glue_7t       0x00000604        0x0 linker stubs
 *(.glue_7)
 .glue_7        0x00000604        0x0 linker stubs
 *(.vfp11_veneer)
 .vfp11_veneer  0x00000604        0x0 linker stubs
 *(.bootloader)
 *(.ARM.extab* .gnu.linkonce.armextab.*)
 *(.gcc_except_table)

.v4_bx          0x00000604        0x0
 .v4_bx         0x00000604        0x0 linker stubs

.iplt           0x00000604        0x0
 .iplt          0x00000604        0x0 c:/program files (x86)/cypress/psoc creator/4.4/psoc creator/import/gnu/arm/5.4.1/bin/../lib/gcc/arm-none-eabi/5.4.1/armv6-m/crtbegin.o

.eh_frame_hdr
 *(.eh_frame_hdr)

.eh_frame       0x00000604        0x4
 *(.eh_frame)
 .eh_frame      0x00000604        0x0 c:/program files (x86)/cypress/psoc creator/4.4/psoc creator/import/gnu/arm/5.4.1/bin/../lib/gcc/arm-none-eabi/5.4.1/armv6-m/crtbegin.o
 .eh_frame      0x00000604        0x4 c:/program files (x86)/cypress/psoc creator/4.4/psoc creator/import/gnu/arm/5.4.1/bin/../lib/gcc/arm-none-eabi/5.4.1/armv6-m/crtend.o
                [!provide]                PROVIDE (__exidx_start, .)

.ARM.exidx
 *(.ARM.exidx* .gnu.linkonce.armexidx.*)
                0x00000608                __exidx_end = .

.rodata         0x00000608       0x68
 *(.rodata .rodata.* .gnu.linkonce.r.*)
 .rodata        0x00000608       0x2e .\CortexM0\ARM_GCC_541\Release\Task1Lab2UART.a(CyLib.o)
                0x00000608                cyImoFreqMhz2Reg
 .rodata.str1.1
                0x00000636        0x2 c:/program files (x86)/cypress/psoc creator/4.4/psoc creator/import/gnu/arm/5.4.1/bin/../lib/gcc/arm-none-eabi/5.4.1/../../../../arm-none-eabi/lib/armv6-m\libg_nano.a(lib_a-impure.o)
                0x00000638                . = ALIGN (0x4)
 *(.init)
 .init          0x00000638        0x4 c:/program files (x86)/cypress/psoc creator/4.4/psoc creator/import/gnu/arm/5.4.1/bin/../lib/gcc/arm-none-eabi/5.4.1/armv6-m/crti.o
                0x00000638                _init
 .init          0x0000063c        0x8 c:/program files (x86)/cypress/psoc creator/4.4/psoc creator/import/gnu/arm/5.4.1/bin/../lib/gcc/arm-none-eabi/5.4.1/armv6-m/crtn.o
                0x00000644                . = ALIGN (0x4)
                0x00000644                __preinit_array_start = .
 *(.preinit_array)
                0x00000644                __preinit_array_end = .
                0x00000644                . = ALIGN (0x4)
                0x00000644                __init_array_start = .
 *(SORT(.init_array.*))
 *(.init_array)
 .init_array    0x00000644        0x4 c:/program files (x86)/cypress/psoc creator/4.4/psoc creator/import/gnu/arm/5.4.1/bin/../lib/gcc/arm-none-eabi/5.4.1/armv6-m/crtbegin.o
 .init_array    0x00000648        0x4 .\CortexM0\ARM_GCC_541\Release\Cm0Start.o
                0x0000064c                __init_array_end = .
                0x0000064c                . = ALIGN (0x4)
 *(.fini)
 .fini          0x0000064c        0x4 c:/program files (x86)/cypress/psoc creator/4.4/psoc creator/import/gnu/arm/5.4.1/bin/../lib/gcc/arm-none-eabi/5.4.1/armv6-m/crti.o
                0x0000064c                _fini
 .fini          0x00000650        0x8 c:/program files (x86)/cypress/psoc creator/4.4/psoc creator/import/gnu/arm/5.4.1/bin/../lib/gcc/arm-none-eabi/5.4.1/armv6-m/crtn.o
                0x00000658                . = ALIGN (0x4)
                0x00000658                __fini_array_start = .
 *(.fini_array)
 .fini_array    0x00000658        0x4 c:/program files (x86)/cypress/psoc creator/4.4/psoc creator/import/gnu/arm/5.4.1/bin/../lib/gcc/arm-none-eabi/5.4.1/armv6-m/crtbegin.o
 *(SORT(.fini_array.*))
                0x0000065c                __fini_array_end = .
                0x0000065c                . = ALIGN (0x4)
 *crtbegin.o(.ctors)
 *(EXCLUDE_FILE(*crtend.o) .ctors)
 *(SORT(.ctors.*))
 *crtend.o(.ctors)
                0x0000065c                . = ALIGN (0x4)
 *crtbegin.o(.dtors)
 *(EXCLUDE_FILE(*crtend.o) .dtors)
 *(SORT(.dtors.*))
 *crtend.o(.dtors)
                0x0000065c                . = ALIGN (0x4)
                0x0000065c                __cy_regions = .
                0x0000065c        0x4 LONG 0x670 __cy_region_init_ram
                0x00000660        0x4 LONG 0x200000c0 __cy_region_start_data
                0x00000664        0x4 LONG 0x80 __cy_region_init_size_ram
                0x00000668        0x4 LONG 0x40 __cy_region_zero_size_ram
                0x0000066c                __cy_regions_end = .
                0x00000670                . = ALIGN (0x8)
 *fill*         0x0000066c        0x4 
                0x00000670                _etext = .

.cy_checksum_exclude
                0x00000670        0x0
 *(.cy_checksum_exclude)

.ramvectors     0x20000000       0xc0
                0x20000000                __cy_region_start_ram = .
 *(.ramvectors)
 .ramvectors    0x20000000       0xc0 .\CortexM0\ARM_GCC_541\Release\Cm0Start.o
                0x20000000                CyRamVectors

.noinit
 *(.noinit)

.data           0x200000c0       0x80 load address 0x00000670
                0x200000c0                __cy_region_start_data = .
 *(.jcr)
 .jcr           0x200000c0        0x0 c:/program files (x86)/cypress/psoc creator/4.4/psoc creator/import/gnu/arm/5.4.1/bin/../lib/gcc/arm-none-eabi/5.4.1/armv6-m/crtbegin.o
 .jcr           0x200000c0        0x4 c:/program files (x86)/cypress/psoc creator/4.4/psoc creator/import/gnu/arm/5.4.1/bin/../lib/gcc/arm-none-eabi/5.4.1/armv6-m/crtend.o
 *(.got.plt)
 *(.got)
 *(.shdata)
 *(.data .data.* .gnu.linkonce.d.*)
 .data          0x200000c4       0x14 .\CortexM0\ARM_GCC_541\Release\Task1Lab2UART.a(CyLib.o)
                0x200000c4                CySysClkPumpConfig
                0x200000c8                cydelay32kMs
                0x200000cc                cydelayFreqKhz
                0x200000d0                cydelayFreqMhz
                0x200000d4                cydelayFreqHz
 .data          0x200000d8        0x4 .\CortexM0\ARM_GCC_541\Release\Task1Lab2UART.a(CyLFClk.o)
 .data.impure_data
                0x200000dc       0x60 c:/program files (x86)/cypress/psoc creator/4.4/psoc creator/import/gnu/arm/5.4.1/bin/../lib/gcc/arm-none-eabi/5.4.1/../../../../arm-none-eabi/lib/armv6-m\libg_nano.a(lib_a-impure.o)
 .data._impure_ptr
                0x2000013c        0x4 c:/program files (x86)/cypress/psoc creator/4.4/psoc creator/import/gnu/arm/5.4.1/bin/../lib/gcc/arm-none-eabi/5.4.1/../../../../arm-none-eabi/lib/armv6-m\libg_nano.a(lib_a-impure.o)
                0x2000013c                _impure_ptr
                0x20000140                . = ALIGN (0x8)
 *(.ram)
                0x20000140                _edata = .

.igot.plt       0x20000140        0x0 load address 0x000006f0
 .igot.plt      0x20000140        0x0 c:/program files (x86)/cypress/psoc creator/4.4/psoc creator/import/gnu/arm/5.4.1/bin/../lib/gcc/arm-none-eabi/5.4.1/armv6-m/crtbegin.o

.bss            0x20000140       0x40 load address 0x000006f0
                0x20000140                PROVIDE (__bss_start__, .)
 *(.shbss)
 *(.bss .bss.* .gnu.linkonce.b.*)
 .bss           0x20000140       0x1c c:/program files (x86)/cypress/psoc creator/4.4/psoc creator/import/gnu/arm/5.4.1/bin/../lib/gcc/arm-none-eabi/5.4.1/armv6-m/crtbegin.o
 .bss           0x2000015c       0x20 .\CortexM0\ARM_GCC_541\Release\Task1Lab2UART.a(CyLFClk.o)
 *(COMMON)
                0x20000180                . = ALIGN (0x8)
 *fill*         0x2000017c        0x4 
 *(.ram.b)
                0x20000180                _end = .
                0x20000180                __end = .
                0x20000180                PROVIDE (end, .)
                0x20000180                PROVIDE (__bss_end__, .)
                0x00000670                __cy_region_init_ram = LOADADDR (.data)
                0x00000080                __cy_region_init_size_ram = (_edata - ADDR (.data))
                0x00000040                __cy_region_zero_size_ram = (_end - _edata)

.heap           0x20000180       0x80 load address 0x000006f0
                0x20000180                . = _end
                0x20000200                . = (. + 0x80)
 *fill*         0x20000180       0x80 
                0x20000200                __cy_heap_limit = .

.stack          0x20000c00      0x400
                0x20000c00                __cy_stack_limit = .
                0x20001000                . = (. + 0x400)
 *fill*         0x20000c00      0x400 
                0x00000001                ASSERT ((__cy_stack_limit >= __cy_heap_limit), region RAM overflowed with stack)
                0x00000000                cy_checksum_exclude_size = (CY_APPL_LOADABLE == 0x1)?SIZEOF (.cy_checksum_exclude):0x0
                0x00000001                ASSERT ((cy_checksum_exclude_size <= CY_CHECKSUM_EXCLUDE_SIZE), CY_BOOT: Section .cy_checksum_exclude size exceedes specified limit.)
                0x00007fc0                cyloadermeta_start = (cy_project_type_bootloader || cy_project_type_app_for_stack_and_copier)?(LENGTH (rom) - CY_METADATA_SIZE):0xf0000000

.cyloadermeta
 *(.cyloadermeta)
                0x00007fc0                cyloadablemeta_start = cy_project_type_app_for_stack_and_copier?((LENGTH (rom) - CY_FLASH_ROW_SIZE) - CY_METADATA_SIZE):((LENGTH (rom) - (CY_FLASH_ROW_SIZE * (CY_APPL_NUM - 0x1))) - CY_METADATA_SIZE)

.cyloadablemeta
 *(.cyloadablemeta)

.cyflashprotect
                0x90400000       0x20
 *(.cyflashprotect)
 .cyflashprotect
                0x90400000       0x20 .\CortexM0\ARM_GCC_541\Release\cymetadata.o
                0x90400000                cy_meta_flashprotect

.cymeta         0x90500000        0xc
 *(.cymeta)
 .cymeta        0x90500000        0xc .\CortexM0\ARM_GCC_541\Release\cymetadata.o
                0x90500000                cy_metadata

.cychipprotect  0x90600000        0x1
 *(.cychipprotect)
 .cychipprotect
                0x90600000        0x1 .\CortexM0\ARM_GCC_541\Release\cymetadata.o
                0x90600000                cy_meta_chipprotect

.rel.dyn        0x000006f0        0x0 load address 0x90600004
 .rel.iplt      0x000006f0        0x0 c:/program files (x86)/cypress/psoc creator/4.4/psoc creator/import/gnu/arm/5.4.1/bin/../lib/gcc/arm-none-eabi/5.4.1/armv6-m/crtbegin.o

.stab
 *(.stab)

.stabstr
 *(.stabstr)

.debug
 *(.debug)

.line
 *(.line)

.debug_srcinfo
 *(.debug_srcinfo)

.debug_sfnames
 *(.debug_sfnames)

.debug_aranges  0x00000000      0x430
 *(.debug_aranges)
 .debug_aranges
                0x00000000       0x20 .\CortexM0\ARM_GCC_541\Release\main.o
 .debug_aranges
                0x00000020       0x20 .\CortexM0\ARM_GCC_541\Release\cyfitter_cfg.o
 .debug_aranges
                0x00000040       0x18 .\CortexM0\ARM_GCC_541\Release\cymetadata.o
 .debug_aranges
                0x00000058       0x48 .\CortexM0\ARM_GCC_541\Release\Cm0Start.o
 .debug_aranges
                0x000000a0      0x180 .\CortexM0\ARM_GCC_541\Release\Task1Lab2UART.a(CyLib.o)
 .debug_aranges
                0x00000220      0x118 .\CortexM0\ARM_GCC_541\Release\Task1Lab2UART.a(CyLFClk.o)
 .debug_aranges
                0x00000338       0x48 .\CortexM0\ARM_GCC_541\Release\Task1Lab2UART.a(LED_Green.o)
 .debug_aranges
                0x00000380       0x48 .\CortexM0\ARM_GCC_541\Release\Task1Lab2UART.a(LED_Blue.o)
 .debug_aranges
                0x000003c8       0x48 .\CortexM0\ARM_GCC_541\Release\Task1Lab2UART.a(LED_Red.o)
 .debug_aranges
                0x00000410       0x20 .\CortexM0\ARM_GCC_541\Release\Task1Lab2UART.a(CyBootAsmGnu.o)

.debug_pubnames
 *(.debug_pubnames)

.debug_info     0x00000000     0x26ac
 *(.debug_info .gnu.linkonce.wi.*)
 .debug_info    0x00000000      0x1bd .\CortexM0\ARM_GCC_541\Release\main.o
 .debug_info    0x000001bd      0x28f .\CortexM0\ARM_GCC_541\Release\cyfitter_cfg.o
 .debug_info    0x0000044c       0xf8 .\CortexM0\ARM_GCC_541\Release\cymetadata.o
 .debug_info    0x00000544      0x39e .\CortexM0\ARM_GCC_541\Release\Cm0Start.o
 .debug_info    0x000008e2      0xaef .\CortexM0\ARM_GCC_541\Release\Task1Lab2UART.a(CyLib.o)
 .debug_info    0x000013d1      0xd7b .\CortexM0\ARM_GCC_541\Release\Task1Lab2UART.a(CyLFClk.o)
 .debug_info    0x0000214c      0x19b .\CortexM0\ARM_GCC_541\Release\Task1Lab2UART.a(LED_Green.o)
 .debug_info    0x000022e7      0x19b .\CortexM0\ARM_GCC_541\Release\Task1Lab2UART.a(LED_Blue.o)
 .debug_info    0x00002482      0x19b .\CortexM0\ARM_GCC_541\Release\Task1Lab2UART.a(LED_Red.o)
 .debug_info    0x0000261d       0x8f .\CortexM0\ARM_GCC_541\Release\Task1Lab2UART.a(CyBootAsmGnu.o)

.debug_abbrev   0x00000000      0xcb3
 *(.debug_abbrev)
 .debug_abbrev  0x00000000       0x7e .\CortexM0\ARM_GCC_541\Release\main.o
 .debug_abbrev  0x0000007e      0x170 .\CortexM0\ARM_GCC_541\Release\cyfitter_cfg.o
 .debug_abbrev  0x000001ee       0x5d .\CortexM0\ARM_GCC_541\Release\cymetadata.o
 .debug_abbrev  0x0000024b      0x1d5 .\CortexM0\ARM_GCC_541\Release\Cm0Start.o
 .debug_abbrev  0x00000420      0x2e6 .\CortexM0\ARM_GCC_541\Release\Task1Lab2UART.a(CyLib.o)
 .debug_abbrev  0x00000706      0x347 .\CortexM0\ARM_GCC_541\Release\Task1Lab2UART.a(CyLFClk.o)
 .debug_abbrev  0x00000a4d       0xc6 .\CortexM0\ARM_GCC_541\Release\Task1Lab2UART.a(LED_Green.o)
 .debug_abbrev  0x00000b13       0xc6 .\CortexM0\ARM_GCC_541\Release\Task1Lab2UART.a(LED_Blue.o)
 .debug_abbrev  0x00000bd9       0xc6 .\CortexM0\ARM_GCC_541\Release\Task1Lab2UART.a(LED_Red.o)
 .debug_abbrev  0x00000c9f       0x14 .\CortexM0\ARM_GCC_541\Release\Task1Lab2UART.a(CyBootAsmGnu.o)

.debug_line     0x00000000     0x11b2
 *(.debug_line)
 .debug_line    0x00000000       0xbd .\CortexM0\ARM_GCC_541\Release\main.o
 .debug_line    0x000000bd      0x146 .\CortexM0\ARM_GCC_541\Release\cyfitter_cfg.o
 .debug_line    0x00000203      0x141 .\CortexM0\ARM_GCC_541\Release\cymetadata.o
 .debug_line    0x00000344      0x22f .\CortexM0\ARM_GCC_541\Release\Cm0Start.o
 .debug_line    0x00000573      0x4b5 .\CortexM0\ARM_GCC_541\Release\Task1Lab2UART.a(CyLib.o)
 .debug_line    0x00000a28      0x4c0 .\CortexM0\ARM_GCC_541\Release\Task1Lab2UART.a(CyLFClk.o)
 .debug_line    0x00000ee8       0xcc .\CortexM0\ARM_GCC_541\Release\Task1Lab2UART.a(LED_Green.o)
 .debug_line    0x00000fb4       0xcb .\CortexM0\ARM_GCC_541\Release\Task1Lab2UART.a(LED_Blue.o)
 .debug_line    0x0000107f       0xca .\CortexM0\ARM_GCC_541\Release\Task1Lab2UART.a(LED_Red.o)
 .debug_line    0x00001149       0x69 .\CortexM0\ARM_GCC_541\Release\Task1Lab2UART.a(CyBootAsmGnu.o)

.debug_frame    0x00000000      0x9cc
 *(.debug_frame)
 .debug_frame   0x00000000       0x2c .\CortexM0\ARM_GCC_541\Release\main.o
 .debug_frame   0x0000002c       0x30 .\CortexM0\ARM_GCC_541\Release\cyfitter_cfg.o
 .debug_frame   0x0000005c       0xc8 .\CortexM0\ARM_GCC_541\Release\Cm0Start.o
 .debug_frame   0x00000124      0x3b0 .\CortexM0\ARM_GCC_541\Release\Task1Lab2UART.a(CyLib.o)
 .debug_frame   0x000004d4      0x2f4 .\CortexM0\ARM_GCC_541\Release\Task1Lab2UART.a(CyLFClk.o)
 .debug_frame   0x000007c8       0x70 .\CortexM0\ARM_GCC_541\Release\Task1Lab2UART.a(LED_Green.o)
 .debug_frame   0x00000838       0x70 .\CortexM0\ARM_GCC_541\Release\Task1Lab2UART.a(LED_Blue.o)
 .debug_frame   0x000008a8       0x70 .\CortexM0\ARM_GCC_541\Release\Task1Lab2UART.a(LED_Red.o)
 .debug_frame   0x00000918       0x20 c:/program files (x86)/cypress/psoc creator/4.4/psoc creator/import/gnu/arm/5.4.1/bin/../lib/gcc/arm-none-eabi/5.4.1/armv6-m\libgcc.a(_udivsi3.o)
 .debug_frame   0x00000938       0x20 c:/program files (x86)/cypress/psoc creator/4.4/psoc creator/import/gnu/arm/5.4.1/bin/../lib/gcc/arm-none-eabi/5.4.1/../../../../arm-none-eabi/lib/armv6-m\libg_nano.a(lib_a-errno.o)
 .debug_frame   0x00000958       0x28 c:/program files (x86)/cypress/psoc creator/4.4/psoc creator/import/gnu/arm/5.4.1/bin/../lib/gcc/arm-none-eabi/5.4.1/../../../../arm-none-eabi/lib/armv6-m\libg_nano.a(lib_a-exit.o)
 .debug_frame   0x00000980       0x2c c:/program files (x86)/cypress/psoc creator/4.4/psoc creator/import/gnu/arm/5.4.1/bin/../lib/gcc/arm-none-eabi/5.4.1/../../../../arm-none-eabi/lib/armv6-m\libg_nano.a(lib_a-init.o)
 .debug_frame   0x000009ac       0x20 c:/program files (x86)/cypress/psoc creator/4.4/psoc creator/import/gnu/arm/5.4.1/bin/../lib/gcc/arm-none-eabi/5.4.1/../../../../arm-none-eabi/lib/armv6-m\libg_nano.a(lib_a-memset.o)

.debug_str      0x00000000      0xfb4
 *(.debug_str)
 .debug_str     0x00000000      0x17b .\CortexM0\ARM_GCC_541\Release\main.o
                                0x1bb (size before relaxing)
 .debug_str     0x0000017b       0xd3 .\CortexM0\ARM_GCC_541\Release\cyfitter_cfg.o
                                0x25a (size before relaxing)
 .debug_str     0x0000024e       0x63 .\CortexM0\ARM_GCC_541\Release\cymetadata.o
                                0x1c7 (size before relaxing)
 .debug_str     0x000002b1      0x140 .\CortexM0\ARM_GCC_541\Release\Cm0Start.o
                                0x300 (size before relaxing)
 .debug_str     0x000003f1      0x4c8 .\CortexM0\ARM_GCC_541\Release\Task1Lab2UART.a(CyLib.o)
                                0x6b5 (size before relaxing)
 .debug_str     0x000008b9      0x530 .\CortexM0\ARM_GCC_541\Release\Task1Lab2UART.a(CyLFClk.o)
                                0x735 (size before relaxing)
 .debug_str     0x00000de9       0xb7 .\CortexM0\ARM_GCC_541\Release\Task1Lab2UART.a(LED_Green.o)
                                0x251 (size before relaxing)
 .debug_str     0x00000ea0       0x8d .\CortexM0\ARM_GCC_541\Release\Task1Lab2UART.a(LED_Blue.o)
                                0x24a (size before relaxing)
 .debug_str     0x00000f2d       0x87 .\CortexM0\ARM_GCC_541\Release\Task1Lab2UART.a(LED_Red.o)
                                0x243 (size before relaxing)

.debug_loc      0x00000000     0x132e
 *(.debug_loc)
 .debug_loc     0x00000000       0x92 .\CortexM0\ARM_GCC_541\Release\cyfitter_cfg.o
 .debug_loc     0x00000092      0x1de .\CortexM0\ARM_GCC_541\Release\Cm0Start.o
 .debug_loc     0x00000270      0x545 .\CortexM0\ARM_GCC_541\Release\Task1Lab2UART.a(CyLib.o)
 .debug_loc     0x000007b5      0x996 .\CortexM0\ARM_GCC_541\Release\Task1Lab2UART.a(CyLFClk.o)
 .debug_loc     0x0000114b       0xa1 .\CortexM0\ARM_GCC_541\Release\Task1Lab2UART.a(LED_Green.o)
 .debug_loc     0x000011ec       0xa1 .\CortexM0\ARM_GCC_541\Release\Task1Lab2UART.a(LED_Blue.o)
 .debug_loc     0x0000128d       0xa1 .\CortexM0\ARM_GCC_541\Release\Task1Lab2UART.a(LED_Red.o)

.debug_macinfo
 *(.debug_macinfo)

.debug_ranges   0x00000000      0x4b0
 *(.debug_ranges)
 .debug_ranges  0x00000000       0x10 .\CortexM0\ARM_GCC_541\Release\main.o
 .debug_ranges  0x00000010       0x68 .\CortexM0\ARM_GCC_541\Release\cyfitter_cfg.o
 .debug_ranges  0x00000078       0x50 .\CortexM0\ARM_GCC_541\Release\Cm0Start.o
 .debug_ranges  0x000000c8      0x1a8 .\CortexM0\ARM_GCC_541\Release\Task1Lab2UART.a(CyLib.o)
 .debug_ranges  0x00000270      0x198 .\CortexM0\ARM_GCC_541\Release\Task1Lab2UART.a(CyLFClk.o)
 .debug_ranges  0x00000408       0x38 .\CortexM0\ARM_GCC_541\Release\Task1Lab2UART.a(LED_Green.o)
 .debug_ranges  0x00000440       0x38 .\CortexM0\ARM_GCC_541\Release\Task1Lab2UART.a(LED_Blue.o)
 .debug_ranges  0x00000478       0x38 .\CortexM0\ARM_GCC_541\Release\Task1Lab2UART.a(LED_Red.o)

.comment        0x00000000       0x6e
 .comment       0x00000000       0x6e .\CortexM0\ARM_GCC_541\Release\main.o
                                 0x6f (size before relaxing)
 .comment       0x0000006e       0x6f .\CortexM0\ARM_GCC_541\Release\cyfitter_cfg.o
 .comment       0x0000006e       0x6f .\CortexM0\ARM_GCC_541\Release\cymetadata.o
 .comment       0x0000006e       0x6f .\CortexM0\ARM_GCC_541\Release\Cm0Start.o
 .comment       0x0000006e       0x6f .\CortexM0\ARM_GCC_541\Release\Task1Lab2UART.a(CyLib.o)
 .comment       0x0000006e       0x6f .\CortexM0\ARM_GCC_541\Release\Task1Lab2UART.a(CyLFClk.o)
 .comment       0x0000006e       0x6f .\CortexM0\ARM_GCC_541\Release\Task1Lab2UART.a(LED_Green.o)
 .comment       0x0000006e       0x6f .\CortexM0\ARM_GCC_541\Release\Task1Lab2UART.a(LED_Blue.o)
 .comment       0x0000006e       0x6f .\CortexM0\ARM_GCC_541\Release\Task1Lab2UART.a(LED_Red.o)

.debug_weaknames
 *(.debug_weaknames)

.debug_funcnames
 *(.debug_funcnames)

.debug_typenames
 *(.debug_typenames)

.debug_varnames
 *(.debug_varnames)

.note.gnu.arm.ident
 *(.note.gnu.arm.ident)

.ARM.attributes
                0x00000000       0x28
 *(.ARM.attributes)
 .ARM.attributes
                0x00000000       0x1e c:/program files (x86)/cypress/psoc creator/4.4/psoc creator/import/gnu/arm/5.4.1/bin/../lib/gcc/arm-none-eabi/5.4.1/armv6-m/crti.o
 .ARM.attributes
                0x0000001e       0x2c c:/program files (x86)/cypress/psoc creator/4.4/psoc creator/import/gnu/arm/5.4.1/bin/../lib/gcc/arm-none-eabi/5.4.1/armv6-m/crtbegin.o
 .ARM.attributes
                0x0000004a       0x1b c:/program files (x86)/cypress/psoc creator/4.4/psoc creator/import/gnu/arm/5.4.1/bin/../lib/gcc/arm-none-eabi/5.4.1/../../../../arm-none-eabi/lib/armv6-m/crt0.o
 .ARM.attributes
                0x00000065       0x31 .\CortexM0\ARM_GCC_541\Release\main.o
 .ARM.attributes
                0x00000096       0x31 .\CortexM0\ARM_GCC_541\Release\cyfitter_cfg.o
 .ARM.attributes
                0x000000c7       0x31 .\CortexM0\ARM_GCC_541\Release\cymetadata.o
 .ARM.attributes
                0x000000f8       0x31 .\CortexM0\ARM_GCC_541\Release\Cm0Start.o
 .ARM.attributes
                0x00000129       0x31 .\CortexM0\ARM_GCC_541\Release\Task1Lab2UART.a(CyLib.o)
 .ARM.attributes
                0x0000015a       0x31 .\CortexM0\ARM_GCC_541\Release\Task1Lab2UART.a(CyLFClk.o)
 .ARM.attributes
                0x0000018b       0x31 .\CortexM0\ARM_GCC_541\Release\Task1Lab2UART.a(LED_Green.o)
 .ARM.attributes
                0x000001bc       0x31 .\CortexM0\ARM_GCC_541\Release\Task1Lab2UART.a(LED_Blue.o)
 .ARM.attributes
                0x000001ed       0x31 .\CortexM0\ARM_GCC_541\Release\Task1Lab2UART.a(LED_Red.o)
 .ARM.attributes
                0x0000021e       0x21 .\CortexM0\ARM_GCC_541\Release\Task1Lab2UART.a(CyBootAsmGnu.o)
 .ARM.attributes
                0x0000023f       0x1e c:/program files (x86)/cypress/psoc creator/4.4/psoc creator/import/gnu/arm/5.4.1/bin/../lib/gcc/arm-none-eabi/5.4.1/armv6-m\libgcc.a(_udivsi3.o)
 .ARM.attributes
                0x0000025d       0x1e c:/program files (x86)/cypress/psoc creator/4.4/psoc creator/import/gnu/arm/5.4.1/bin/../lib/gcc/arm-none-eabi/5.4.1/armv6-m\libgcc.a(_dvmd_tls.o)
 .ARM.attributes
                0x0000027b       0x2c c:/program files (x86)/cypress/psoc creator/4.4/psoc creator/import/gnu/arm/5.4.1/bin/../lib/gcc/arm-none-eabi/5.4.1/../../../../arm-none-eabi/lib/armv6-m\libg_nano.a(lib_a-errno.o)
 .ARM.attributes
                0x000002a7       0x2c c:/program files (x86)/cypress/psoc creator/4.4/psoc creator/import/gnu/arm/5.4.1/bin/../lib/gcc/arm-none-eabi/5.4.1/../../../../arm-none-eabi/lib/armv6-m\libg_nano.a(lib_a-exit.o)
 .ARM.attributes
                0x000002d3       0x2c c:/program files (x86)/cypress/psoc creator/4.4/psoc creator/import/gnu/arm/5.4.1/bin/../lib/gcc/arm-none-eabi/5.4.1/../../../../arm-none-eabi/lib/armv6-m\libg_nano.a(lib_a-impure.o)
 .ARM.attributes
                0x000002ff       0x2c c:/program files (x86)/cypress/psoc creator/4.4/psoc creator/import/gnu/arm/5.4.1/bin/../lib/gcc/arm-none-eabi/5.4.1/../../../../arm-none-eabi/lib/armv6-m\libg_nano.a(lib_a-init.o)
 .ARM.attributes
                0x0000032b       0x2c c:/program files (x86)/cypress/psoc creator/4.4/psoc creator/import/gnu/arm/5.4.1/bin/../lib/gcc/arm-none-eabi/5.4.1/../../../../arm-none-eabi/lib/armv6-m\libg_nano.a(lib_a-memset.o)
 .ARM.attributes
                0x00000357       0x2c c:/program files (x86)/cypress/psoc creator/4.4/psoc creator/import/gnu/arm/5.4.1/bin/../lib/gcc/arm-none-eabi/5.4.1/armv6-m/crtend.o
 .ARM.attributes
                0x00000383       0x1e c:/program files (x86)/cypress/psoc creator/4.4/psoc creator/import/gnu/arm/5.4.1/bin/../lib/gcc/arm-none-eabi/5.4.1/armv6-m/crtn.o

/DISCARD/
 *(.note.GNU-stack)
OUTPUT(C:\Users\STUDENT\Documents\PSoC Creator\Lab1\Task1Lab2UART.cydsn\CortexM0\ARM_GCC_541\Release\Task1Lab2UART.elf elf32-littlearm)
